Component: ARM Compiler 5.06 update 1 (build 61) Tool: armlink [4d35a8]

==============================================================================

Section Cross References

    main.o(i.main) refers to platform.o(i.Platform_Init) for Platform_Init
    main.o(i.main) refers to radar.o(i.Radar_PreInit) for Radar_PreInit
    main.o(i.main) refers to radar.o(i.Radar_Init) for Radar_Init
    main.o(i.main) refers to abd.o(i.ABD_Init) for ABD_Init
    main.o(i.main) refers to dataprocess.o(i.DataProc_Init) for DataProc_Init
    main.o(i.main) refers to cmdprocess.o(i.CmdProc_Init) for CmdProc_Init
    main.o(i.main) refers to printf8.o(i.__0printf$8) for __2printf
    main.o(i.main) refers to dataprocess.o(i.DataProc_Recv) for DataProc_Recv
    main.o(i.main) refers to cmdprocess.o(i.CmdProc_Recv) for CmdProc_Recv
    system.o(i.System_GetSysMode) refers to system.o(.data) for .data
    system.o(i.System_GetSysParaAddr) refers to system.o(.data) for .data
    system.o(i.System_GetUploadSampleRate) refers to system.o(.data) for .data
    system.o(i.System_ParaInit) refers to system.o(.data) for .data
    system.o(i.System_ParaRead) refers to system.o(.data) for .data
    system.o(i.System_ParaUpdate) refers to system.o(.data) for .data
    system.o(i.System_Reconfig) refers to py32_spi.o(i.SPI_DeInit) for SPI_DeInit
    system.o(i.System_Reconfig) refers to dataprocess.o(i.DataProc_GetRadarDataLen) for DataProc_GetRadarDataLen
    system.o(i.System_Reconfig) refers to py32_spi.o(i.SPI_Init) for SPI_Init
    system.o(i.System_Reconfig) refers to system.o(.data) for .data
    dataprocess.o(i.DataCopy) refers to memcpya.o(.text) for __aeabi_memcpy
    dataprocess.o(i.DataCopy) refers to dataprocess.o(.bss) for .bss
    dataprocess.o(i.DataCopy) refers to dataprocess.o(.data) for .data
    dataprocess.o(i.DataParse) refers to dataprocess.o(i.__ARM_common_switch8) for __ARM_common_switch8
    dataprocess.o(i.DataParse) refers to dataprocess.o(i.DataStateIdParse) for DataStateIdParse
    dataprocess.o(i.DataParse) refers to dataprocess.o(i.DataCopy) for DataCopy
    dataprocess.o(i.DataParse) refers to dataprocess.o(.bss) for .bss
    dataprocess.o(i.DataProc_GetRadarDataLen) refers to dataprocess.o(.data) for .data
    dataprocess.o(i.DataProc_GetRadarDataType) refers to dataprocess.o(.data) for .data
    dataprocess.o(i.DataProc_Init) refers to memseta.o(.text) for __aeabi_memclr
    dataprocess.o(i.DataProc_Init) refers to dataprocess.o(i.GetRadarPara) for GetRadarPara
    dataprocess.o(i.DataProc_Init) refers to py32_spi.o(i.SPI_Init) for SPI_Init
    dataprocess.o(i.DataProc_Init) refers to dataprocess.o(.bss) for .bss
    dataprocess.o(i.DataProc_Init) refers to dataprocess.o(.data) for .data
    dataprocess.o(i.DataProc_Recv) refers to dataprocess.o(i.DataProcess) for DataProcess
    dataprocess.o(i.DataProc_Recv) refers to py32_spi.o(.data) for g_dataRecvFlag
    dataprocess.o(i.DataProc_Recv) refers to dataprocess.o(.data) for .data
    dataprocess.o(i.DataProc_Recv) refers to py32_spi.o(.bss) for g_dataRecvBuf
    dataprocess.o(i.DataProc_Recv) refers to radar.o(.data) for g_ChannelCount
    dataprocess.o(i.DataProcess) refers to py32_iwdg.o(i.IWDG_Reload) for IWDG_Reload
    dataprocess.o(i.DataProcess) refers to dataprocess.o(i.DataParse) for DataParse
    dataprocess.o(i.DataProcess) refers to printf8.o(i.__0printf$8) for __2printf
    dataprocess.o(i.DataProcess) refers to platform.o(i.Indicator_RadarDataReceived) for Indicator_RadarDataReceived
    dataprocess.o(i.DataProcess) refers to abd.o(i.ABD_DetectByPeakData) for ABD_DetectByPeakData
    dataprocess.o(i.DataProcess) refers to py32_spi.o(.data) for g_dataRecvFlag
    dataprocess.o(i.DataProcess) refers to dataprocess.o(.data) for .data
    dataprocess.o(i.DataProcess) refers to dataprocess.o(.bss) for .bss
    dataprocess.o(i.DataStateIdParse) refers to dataprocess.o(.data) for .data
    dataprocess.o(i.DataStateIdParse) refers to dataprocess.o(.bss) for .bss
    dataprocess.o(i.GetRadarPara) refers to radar.o(i.Radar_GetDataType) for Radar_GetDataType
    dataprocess.o(i.GetRadarPara) refers to printf8.o(i.__0printf$8) for __2printf
    dataprocess.o(i.GetRadarPara) refers to radar.o(i.Radar_GetDfftPeakSize) for Radar_GetDfftPeakSize
    dataprocess.o(i.GetRadarPara) refers to radar.o(i.Radar_GetOneFrameChirpNum) for Radar_GetOneFrameChirpNum
    dataprocess.o(i.StartAlgorithm) refers to abd.o(i.ABD_DetectByPeakData) for ABD_DetectByPeakData
    abd.o(i.ABD_DetectByPeakData) refers to uread4.o(.text) for __aeabi_uread4
    abd.o(i.ABD_DetectByPeakData) refers to py32f003_hal_gpio.o(i.HAL_GPIO_ReadPin) for HAL_GPIO_ReadPin
    abd.o(i.ABD_DetectByPeakData) refers to uidiv.o(.text) for __aeabi_uidivmod
    abd.o(i.ABD_DetectByPeakData) refers to memseta.o(.text) for __aeabi_memclr
    abd.o(i.ABD_DetectByPeakData) refers to py32_gpio.o(i.IoOutOff) for IoOutOff
    abd.o(i.ABD_DetectByPeakData) refers to printf8.o(i.__0printf$8) for __2printf
[...]
    ..\..\Middleware\platform\py32\src\py32_it.c 0x00000000   Number         0  py32_it.o ABSOLUTE
    ..\..\Middleware\platform\py32\src\py32_iwdg.c 0x00000000   Number         0  py32_iwdg.o ABSOLUTE
    ..\..\Middleware\platform\py32\src\py32_pwr.c 0x00000000   Number         0  py32_pwr.o ABSOLUTE
    ..\..\Middleware\platform\py32\src\py32_spi.c 0x00000000   Number         0  py32_spi.o ABSOLUTE
    ..\..\Middleware\platform\py32\src\py32_tim.c 0x00000000   Number         0  py32_tim.o ABSOLUTE
    ..\..\Middleware\platform\py32\src\py32_uart.c 0x00000000   Number         0  py32_uart.o ABSOLUTE
    ..\\..\\App\\algo\\src\\abd.c            0x00000000   Number         0  abd.o ABSOLUTE
    ..\\..\\App\\common\\src\\cmdprocess.c   0x00000000   Number         0  cmdprocess.o ABSOLUTE
    ..\\..\\App\\common\\src\\config.c       0x00000000   Number         0  config.o ABSOLUTE
    ..\\..\\App\\common\\src\\dataprocess.c  0x00000000   Number         0  dataprocess.o ABSOLUTE
    ..\\..\\App\\common\\src\\main.c         0x00000000   Number         0  main.o ABSOLUTE
    ..\\..\\App\\common\\src\\system.c       0x00000000   Number         0  system.o ABSOLUTE
    ..\\..\\App\\common\\src\\utilities.c    0x00000000   Number         0  utilities.o ABSOLUTE
    ..\\..\\Driver\\py32f003\\CMSIS\\Device\\PY32F003\\system_py32f003.c 0x00000000   Number         0  system_py32f003.o ABSOLUTE
    ..\\..\\Driver\\py32f003\\PY32F003_HAL_Driver\\Src\\py32f003_hal.c 0x00000000   Number         0  py32f003_hal.o ABSOLUTE
    ..\\..\\Driver\\py32f003\\PY32F003_HAL_Driver\\Src\\py32f003_hal_cortex.c 0x00000000   Number         0  py32f003_hal_cortex.o ABSOLUTE
    ..\\..\\Driver\\py32f003\\PY32F003_HAL_Driver\\Src\\py32f003_hal_dma.c 0x00000000   Number         0  py32f003_hal_dma.o ABSOLUTE
    ..\\..\\Driver\\py32f003\\PY32F003_HAL_Driver\\Src\\py32f003_hal_exti.c 0x00000000   Number         0  py32f003_hal_exti.o ABSOLUTE
    ..\\..\\Driver\\py32f003\\PY32F003_HAL_Driver\\Src\\py32f003_hal_flash.c 0x00000000   Number         0  py32f003_hal_flash.o ABSOLUTE
    ..\\..\\Driver\\py32f003\\PY32F003_HAL_Driver\\Src\\py32f003_hal_gpio.c 0x00000000   Number         0  py32f003_hal_gpio.o ABSOLUTE
    ..\\..\\Driver\\py32f003\\PY32F003_HAL_Driver\\Src\\py32f003_hal_i2c.c 0x00000000   Number         0  py32f003_hal_i2c.o ABSOLUTE
    ..\\..\\Driver\\py32f003\\PY32F003_HAL_Driver\\Src\\py32f003_hal_iwdg.c 0x00000000   Number         0  py32f003_hal_iwdg.o ABSOLUTE
    ..\\..\\Driver\\py32f003\\PY32F003_HAL_Driver\\Src\\py32f003_hal_lptim.c 0x00000000   Number         0  py32f003_hal_lptim.o ABSOLUTE
    ..\\..\\Driver\\py32f003\\PY32F003_HAL_Driver\\Src\\py32f003_hal_pwr.c 0x00000000   Number         0  py32f003_hal_pwr.o ABSOLUTE
    ..\\..\\Driver\\py32f003\\PY32F003_HAL_Driver\\Src\\py32f003_hal_rcc.c 0x00000000   Number         0  py32f003_hal_rcc.o ABSOLUTE
    ..\\..\\Driver\\py32f003\\PY32F003_HAL_Driver\\Src\\py32f003_hal_rcc_ex.c 0x00000000   Number         0  py32f003_hal_rcc_ex.o ABSOLUTE
    ..\\..\\Driver\\py32f003\\PY32F003_HAL_Driver\\Src\\py32f003_hal_spi.c 0x00000000   Number         0  py32f003_hal_spi.o ABSOLUTE
    ..\\..\\Driver\\py32f003\\PY32F003_HAL_Driver\\Src\\py32f003_hal_tim.c 0x00000000   Number         0  py32f003_hal_tim.o ABSOLUTE
    ..\\..\\Driver\\py32f003\\PY32F003_HAL_Driver\\Src\\py32f003_hal_tim_ex.c 0x00000000   Number         0  py32f003_hal_tim_ex.o ABSOLUTE
    ..\\..\\Driver\\py32f003\\PY32F003_HAL_Driver\\Src\\py32f003_hal_uart.c 0x00000000   Number         0  py32f003_hal_uart.o ABSOLUTE
    ..\\..\\Driver\\py32f003\\PY32F003_HAL_Driver\\Src\\py32f003_hal_usart.c 0x00000000   Number         0  py32f003_hal_usart.o ABSOLUTE
    ..\\..\\Driver\\py32f003\\PY32F003_HAL_Driver\\Src\\py32f003_hal_wwdg.c 0x00000000   Number         0  py32f003_hal_wwdg.o ABSOLUTE
    ..\\..\\Middleware\\common\\src\\platform.c 0x00000000   Number         0  platform.o ABSOLUTE
    ..\\..\\Middleware\\common\\src\\radar.c 0x00000000   Number         0  radar.o ABSOLUTE
    ..\\..\\Middleware\\platform\\py32\\src\\py32_flash.c 0x00000000   Number         0  py32_flash.o ABSOLUTE
    ..\\..\\Middleware\\platform\\py32\\src\\py32_gpio.c 0x00000000   Number         0  py32_gpio.o ABSOLUTE
    ..\\..\\Middleware\\platform\\py32\\src\\py32_i2c.c 0x00000000   Number         0  py32_i2c.o ABSOLUTE
    ..\\..\\Middleware\\platform\\py32\\src\\py32_it.c 0x00000000   Number         0  py32_it.o ABSOLUTE
    ..\\..\\Middleware\\platform\\py32\\src\\py32_iwdg.c 0x00000000   Number         0  py32_iwdg.o ABSOLUTE
    ..\\..\\Middleware\\platform\\py32\\src\\py32_pwr.c 0x00000000   Number         0  py32_pwr.o ABSOLUTE
    ..\\..\\Middleware\\platform\\py32\\src\\py32_spi.c 0x00000000   Number         0  py32_spi.o ABSOLUTE
    ..\\..\\Middleware\\platform\\py32\\src\\py32_tim.c 0x00000000   Number         0  py32_tim.o ABSOLUTE
    ..\\..\\Middleware\\platform\\py32\\src\\py32_uart.c 0x00000000   Number         0  py32_uart.o ABSOLUTE
    cdrcmple.s                               0x00000000   Number         0  cdrcmple.o ABSOLUTE
    dc.s                                     0x00000000   Number         0  dc.o ABSOLUTE
    handlers.s                               0x00000000   Number         0  handlers.o ABSOLUTE
    init.s                                   0x00000000   Number         0  init.o ABSOLUTE
    RESET                                    0x08000000   Section      192  startup_py32f003.o(RESET)
    .ARM.Collect$$$$00000000                 0x080000c0   Section        0  entry.o(.ARM.Collect$$$$00000000)
    .ARM.Collect$$$$00000001                 0x080000c0   Section        4  entry2.o(.ARM.Collect$$$$00000001)
    .ARM.Collect$$$$00000004                 0x080000c4   Section        4  entry5.o(.ARM.Collect$$$$00000004)
    .ARM.Collect$$$$00000008                 0x080000c8   Section        0  entry7b.o(.ARM.Collect$$$$00000008)
    .ARM.Collect$$$$0000000A                 0x080000c8   Section        0  entry8b.o(.ARM.Collect$$$$0000000A)
    .ARM.Collect$$$$0000000B                 0x080000c8   Section        8  entry9a.o(.ARM.Collect$$$$0000000B)
    .ARM.Collect$$$$0000000D                 0x080000d0   Section        0  entry10a.o(.ARM.Collect$$$$0000000D)
    .ARM.Collect$$$$0000000F                 0x080000d0   Section        0  entry11a.o(.ARM.Collect$$$$0000000F)
    .ARM.Collect$$$$00002712                 0x080000d0   Section        4  entry2.o(.ARM.Collect$$$$00002712)
    __lit__00000000                          0x080000d0   Data           4  entry2.o(.ARM.Collect$$$$00002712)
    .text                                    0x080000d4   Section       28  startup_py32f003.o(.text)
    .text                                    0x080000f0   Section        0  uidiv.o(.text)
    .text                                    0x0800011c   Section        0  memcpya.o(.text)
    .text                                    0x08000140   Section        0  memseta.o(.text)
    .text                                    0x08000164   Section        0  uread4.o(.text)
    .text                                    0x08000178   Section        0  fmul.o(.text)
    .text                                    0x080001f2   Section        0  ffltui.o(.text)
    .text                                    0x08000200   Section        0  ffixui.o(.text)
    .text                                    0x08000228   Section        0  uldiv.o(.text)
    .text                                    0x08000288   Section        0  iusefp.o(.text)
    .text                                    0x08000288   Section        0  fepilogue.o(.text)
    .text                                    0x0800030c   Section       36  init.o(.text)
    .text                                    0x08000330   Section        0  llshl.o(.text)
    .text                                    0x08000350   Section        0  llushr.o(.text)
    .text                                    0x08000372   Section        0  __dczerorl2.o(.text)
    i.ABD_DetectByPeakData                   0x080003c8   Section        0  abd.o(i.ABD_DetectByPeakData)
    i.ABD_Init                               0x08000568   Section        0  abd.o(i.ABD_Init)
    i.AckSend                                0x08000578   Section        0  cmdprocess.o(i.AckSend)
    AckSend                                  0x08000579   Thumb Code    16  cmdprocess.o(i.AckSend)
    i.CmdExec                                0x0800058c   Section        0  cmdprocess.o(i.CmdExec)
    CmdExec                                  0x0800058d   Thumb Code   246  cmdprocess.o(i.CmdExec)
    i.CmdProc_Init                           0x08000698   Section        0  cmdprocess.o(i.CmdProc_Init)
    i.CmdProc_Recv                           0x080006a8   Section        0  cmdprocess.o(i.CmdProc_Recv)
    i.CmdProcess                             0x080006cc   Section        0  cmdprocess.o(i.CmdProcess)
    CmdProcess                               0x080006cd   Thumb Code   220  cmdprocess.o(i.CmdProcess)
    i.ConfigDfftPeakPara                     0x080007ac   Section        0  radar.o(i.ConfigDfftPeakPara)
    i.Config_NeedFlashWrite                  0x08000848   Section        0  config.o(i.Config_NeedFlashWrite)
    i.Config_SavePara2Flash                  0x08000854   Section        0  config.o(i.Config_SavePara2Flash)
    i.Config_WriteData2Flash                 0x0800086c   Section        0  config.o(i.Config_WriteData2Flash)
    i.DMA1_Channel2_3_IRQHandler             0x080008c4   Section        0  py32_it.o(i.DMA1_Channel2_3_IRQHandler)
    i.DMA_SetConfig                          0x080008d4   Section        0  py32f003_hal_dma.o(i.DMA_SetConfig)
    DMA_SetConfig                            0x080008d5   Thumb Code    40  py32f003_hal_dma.o(i.DMA_SetConfig)
    i.DataCopy                               0x080008fc   Section        0  dataprocess.o(i.DataCopy)
    DataCopy                                 0x080008fd   Thumb Code    94  dataprocess.o(i.DataCopy)
    i.DataParse                              0x08000964   Section        0  dataprocess.o(i.DataParse)
    DataParse                                0x08000965   Thumb Code   244  dataprocess.o(i.DataParse)
    i.DataProc_GetRadarDataLen               0x08000a5c   Section        0  dataprocess.o(i.DataProc_GetRadarDataLen)
    i.DataProc_Init                          0x08000a68   Section        0  dataprocess.o(i.DataProc_Init)
    i.DataProc_Recv                          0x08000ab4   Section        0  dataprocess.o(i.DataProc_Recv)
    i.DataProcess                            0x08000b10   Section        0  dataprocess.o(i.DataProcess)
    DataProcess                              0x08000b11   Thumb Code    98  dataprocess.o(i.DataProcess)
    i.DataStateIdParse                       0x08000b90   Section        0  dataprocess.o(i.DataStateIdParse)
    DataStateIdParse                         0x08000b91   Thumb Code    50  dataprocess.o(i.DataStateIdParse)
    i.Delay                                  0x08000bcc   Section        0  platform.o(i.Delay)
    i.DoReadPara                             0x08000bd4   Section        0  cmdprocess.o(i.DoReadPara)
    DoReadPara                               0x08000bd5   Thumb Code   140  cmdprocess.o(i.DoReadPara)
    i.DoReadReg                              0x08000c6c   Section        0  cmdprocess.o(i.DoReadReg)
    DoReadReg                                0x08000c6d   Thumb Code   126  cmdprocess.o(i.DoReadReg)
    i.DoWritePara                            0x08000cf8   Section        0  cmdprocess.o(i.DoWritePara)
    DoWritePara                              0x08000cf9   Thumb Code   176  cmdprocess.o(i.DoWritePara)
    i.DoWriteReg                             0x08000dac   Section        0  cmdprocess.o(i.DoWriteReg)
    DoWriteReg                               0x08000dad   Thumb Code   132  cmdprocess.o(i.DoWriteReg)
    i.DumpChipRegValue                       0x08000e38   Section        0  radar.o(i.DumpChipRegValue)
    DumpChipRegValue                         0x08000e39   Thumb Code    94  radar.o(i.DumpChipRegValue)
    i.EXTI4_15_IRQHandler                    0x08000eb8   Section        0  py32_it.o(i.EXTI4_15_IRQHandler)
    i.FLASH_WaitForLastOperation             0x08000ecc   Section        0  py32f003_hal_flash.o(i.FLASH_WaitForLastOperation)
    i.FillCmdAck                             0x08000f00   Section        0  cmdprocess.o(i.FillCmdAck)
    FillCmdAck                               0x08000f01   Thumb Code    96  cmdprocess.o(i.FillCmdAck)
    i.Flash_ErasePage                        0x08000f68   Section        0  py32_flash.o(i.Flash_ErasePage)
    i.Flash_Program                          0x08000fc4   Section        0  py32_flash.o(i.Flash_Program)
    i.GetRadarPara                           0x08001054   Section        0  dataprocess.o(i.GetRadarPara)
    GetRadarPara                             0x08001055   Thumb Code    84  dataprocess.o(i.GetRadarPara)
    i.GetTargetRange                         0x08001118   Section        0  abd.o(i.GetTargetRange)
    i.HAL_DMA_Abort_IT                       0x08001134   Section        0  py32f003_hal_dma.o(i.HAL_DMA_Abort_IT)
    i.HAL_DMA_IRQHandler                     0x08001198   Section        0  py32f003_hal_dma.o(i.HAL_DMA_IRQHandler)
    i.HAL_DMA_Init                           0x0800126c   Section        0  py32f003_hal_dma.o(i.HAL_DMA_Init)
    i.HAL_DMA_Start_IT                       0x080012d0   Section        0  py32f003_hal_dma.o(i.HAL_DMA_Start_IT)
    i.HAL_Delay                              0x08001338   Section        0  py32f003_hal.o(i.HAL_Delay)
    i.HAL_FLASHEx_Erase                      0x0800135c   Section        0  py32f003_hal_flash.o(i.HAL_FLASHEx_Erase)
    i.HAL_FLASH_Lock                         0x0800146c   Section        0  py32f003_hal_flash.o(i.HAL_FLASH_Lock)
    i.HAL_FLASH_Program                      0x08001488   Section        0  py32f003_hal_flash.o(i.HAL_FLASH_Program)
    i.HAL_FLASH_Unlock                       0x08001514   Section        0  py32f003_hal_flash.o(i.HAL_FLASH_Unlock)
    i.HAL_GPIO_DeInit                        0x0800153c   Section        0  py32f003_hal_gpio.o(i.HAL_GPIO_DeInit)
    i.HAL_GPIO_Init                          0x080015ec   Section        0  py32f003_hal_gpio.o(i.HAL_GPIO_Init)
    i.HAL_GPIO_ReadPin                       0x08001700   Section        0  py32f003_hal_gpio.o(i.HAL_GPIO_ReadPin)
    i.HAL_GPIO_WritePin                      0x0800170a   Section        0  py32f003_hal_gpio.o(i.HAL_GPIO_WritePin)
    i.HAL_GetTick                            0x08001718   Section        0  py32f003_hal.o(i.HAL_GetTick)
    i.HAL_I2C_Init                           0x08001724   Section        0  py32f003_hal_i2c.o(i.HAL_I2C_Init)
    i.HAL_I2C_Mem_Read                       0x0800187c   Section        0  py32f003_hal_i2c.o(i.HAL_I2C_Mem_Read)
    i.HAL_I2C_Mem_Write                      0x08001a90   Section        0  py32f003_hal_i2c.o(i.HAL_I2C_Mem_Write)
    i.HAL_I2C_MspInit                        0x08001bac   Section        0  py32_i2c.o(i.HAL_I2C_MspInit)
    i.HAL_IWDG_Init                          0x08001c20   Section        0  py32f003_hal_iwdg.o(i.HAL_IWDG_Init)
    i.HAL_IWDG_Refresh                       0x08001c78   Section        0  py32f003_hal_iwdg.o(i.HAL_IWDG_Refresh)
    i.HAL_IncTick                            0x08001c88   Section        0  py32f003_hal.o(i.HAL_IncTick)
    i.HAL_Init                               0x08001c98   Section        0  py32f003_hal.o(i.HAL_Init)
    i.HAL_InitTick                           0x08001cb4   Section        0  py32f003_hal.o(i.HAL_InitTick)
    i.HAL_MspInit                            0x08001cfc   Section        0  py32f003_hal.o(i.HAL_MspInit)
    i.HAL_NVIC_EnableIRQ                     0x08001d00   Section        0  py32f003_hal_cortex.o(i.HAL_NVIC_EnableIRQ)
    i.HAL_NVIC_SetPriority                   0x08001d18   Section        0  py32f003_hal_cortex.o(i.HAL_NVIC_SetPriority)
    i.HAL_RCC_GetPCLK1Freq                   0x08001d20   Section        0  py32f003_hal_rcc.o(i.HAL_RCC_GetPCLK1Freq)
    i.HAL_SPI_DeInit                         0x08001d48   Section        0  py32f003_hal_spi.o(i.HAL_SPI_DeInit)
    i.HAL_SPI_ErrorCallback                  0x08001d74   Section        0  py32_spi.o(i.HAL_SPI_ErrorCallback)
    i.HAL_SPI_IRQHandler                     0x08001d98   Section        0  py32f003_hal_spi.o(i.HAL_SPI_IRQHandler)
    i.HAL_SPI_Init                           0x08001e78   Section        0  py32f003_hal_spi.o(i.HAL_SPI_Init)
    i.HAL_SPI_MspDeInit                      0x08001f28   Section        0  py32_spi.o(i.HAL_SPI_MspDeInit)
    i.HAL_SPI_MspInit                        0x08001f68   Section        0  py32_spi.o(i.HAL_SPI_MspInit)
    i.HAL_SPI_Receive_DMA                    0x080020a0   Section        0  py32f003_hal_spi.o(i.HAL_SPI_Receive_DMA)
    i.HAL_SPI_RxCpltCallback                 0x080021c4   Section        0  py32_spi.o(i.HAL_SPI_RxCpltCallback)
    i.HAL_SPI_RxHalfCpltCallback             0x08002210   Section        0  py32f003_hal_spi.o(i.HAL_SPI_RxHalfCpltCallback)
    i.HAL_SPI_TransmitReceive_DMA            0x08002214   Section        0  py32f003_hal_spi.o(i.HAL_SPI_TransmitReceive_DMA)
    i.HAL_SPI_TxRxCpltCallback               0x08002398   Section        0  py32f003_hal_spi.o(i.HAL_SPI_TxRxCpltCallback)
    i.HAL_SPI_TxRxHalfCpltCallback           0x0800239a   Section        0  py32f003_hal_spi.o(i.HAL_SPI_TxRxHalfCpltCallback)
    i.HAL_SYSCFG_DMA_Req                     0x0800239c   Section        0  py32f003_hal.o(i.HAL_SYSCFG_DMA_Req)
    i.HAL_SYSTICK_Config                     0x080023ac   Section        0  py32f003_hal_cortex.o(i.HAL_SYSTICK_Config)
    i.HAL_UART_AbortReceiveCpltCallback      0x080023dc   Section        0  py32f003_hal_uart.o(i.HAL_UART_AbortReceiveCpltCallback)
    i.HAL_UART_AbortReceive_IT               0x080023e0   Section        0  py32f003_hal_uart.o(i.HAL_UART_AbortReceive_IT)
    i.HAL_UART_ErrorCallback                 0x08002444   Section        0  py32f003_hal_uart.o(i.HAL_UART_ErrorCallback)
    i.HAL_UART_IRQHandler                    0x08002448   Section        0  py32f003_hal_uart.o(i.HAL_UART_IRQHandler)
    i.HAL_UART_Init                          0x08002554   Section        0  py32f003_hal_uart.o(i.HAL_UART_Init)
    i.HAL_UART_MspInit                       0x080025c0   Section        0  py32f003_hal_uart.o(i.HAL_UART_MspInit)
    i.HAL_UART_Receive_IT                    0x080025c2   Section        0  py32f003_hal_uart.o(i.HAL_UART_Receive_IT)
    i.HAL_UART_RxCpltCallback                0x08002616   Section        0  py32f003_hal_uart.o(i.HAL_UART_RxCpltCallback)
    i.HAL_UART_Transmit                      0x08002618   Section        0  py32f003_hal_uart.o(i.HAL_UART_Transmit)
    i.HAL_UART_TxCpltCallback                0x080026dc   Section        0  py32f003_hal_uart.o(i.HAL_UART_TxCpltCallback)
    i.HardFault_Handler                      0x080026de   Section        0  py32_it.o(i.HardFault_Handler)
    i.I2C_Init                               0x080026e0   Section        0  py32_i2c.o(i.I2C_Init)
    i.I2C_IsAcknowledgeFailed                0x08002738   Section        0  py32f003_hal_i2c.o(i.I2C_IsAcknowledgeFailed)
    I2C_IsAcknowledgeFailed                  0x08002739   Thumb Code    46  py32f003_hal_i2c.o(i.I2C_IsAcknowledgeFailed)
    i.I2C_Read                               0x0800276c   Section        0  py32_i2c.o(i.I2C_Read)
    i.I2C_RequestMemoryRead                  0x080027f0   Section        0  py32f003_hal_i2c.o(i.I2C_RequestMemoryRead)
    I2C_RequestMemoryRead                    0x080027f1   Thumb Code   234  py32f003_hal_i2c.o(i.I2C_RequestMemoryRead)
    i.I2C_RequestMemoryWrite                 0x080028e0   Section        0  py32f003_hal_i2c.o(i.I2C_RequestMemoryWrite)
    I2C_RequestMemoryWrite                   0x080028e1   Thumb Code   166  py32f003_hal_i2c.o(i.I2C_RequestMemoryWrite)
    i.I2C_WaitOnBTFFlagUntilTimeout          0x0800298c   Section        0  py32f003_hal_i2c.o(i.I2C_WaitOnBTFFlagUntilTimeout)
    I2C_WaitOnBTFFlagUntilTimeout            0x0800298d   Thumb Code    78  py32f003_hal_i2c.o(i.I2C_WaitOnBTFFlagUntilTimeout)
    i.I2C_WaitOnFlagUntilTimeout             0x080029da   Section        0  py32f003_hal_i2c.o(i.I2C_WaitOnFlagUntilTimeout)
    I2C_WaitOnFlagUntilTimeout               0x080029db   Thumb Code   100  py32f003_hal_i2c.o(i.I2C_WaitOnFlagUntilTimeout)
    i.I2C_WaitOnMasterAddressFlagUntilTimeout 0x08002a40   Section        0  py32f003_hal_i2c.o(i.I2C_WaitOnMasterAddressFlagUntilTimeout)
    I2C_WaitOnMasterAddressFlagUntilTimeout  0x08002a41   Thumb Code   136  py32f003_hal_i2c.o(i.I2C_WaitOnMasterAddressFlagUntilTimeout)
    i.I2C_WaitOnRXNEFlagUntilTimeout         0x08002acc   Section        0  py32f003_hal_i2c.o(i.I2C_WaitOnRXNEFlagUntilTimeout)
    I2C_WaitOnRXNEFlagUntilTimeout           0x08002acd   Thumb Code    94  py32f003_hal_i2c.o(i.I2C_WaitOnRXNEFlagUntilTimeout)
    i.I2C_WaitOnTXEFlagUntilTimeout          0x08002b2a   Section        0  py32f003_hal_i2c.o(i.I2C_WaitOnTXEFlagUntilTimeout)
    I2C_WaitOnTXEFlagUntilTimeout            0x08002b2b   Thumb Code    78  py32f003_hal_i2c.o(i.I2C_WaitOnTXEFlagUntilTimeout)
    i.I2C_Write                              0x08002b78   Section        0  py32_i2c.o(i.I2C_Write)
    i.IWDG_Init                              0x08002bc8   Section        0  py32_iwdg.o(i.IWDG_Init)
    i.IWDG_Reload                            0x08002c3c   Section        0  py32_iwdg.o(i.IWDG_Reload)
    i.Indicator_RadarDataReceived            0x08002c74   Section        0  platform.o(i.Indicator_RadarDataReceived)
    i.IoOutInit                              0x08002c98   Section        0  py32_gpio.o(i.IoOutInit)
    i.IoOutOff                               0x08002cd0   Section        0  py32_gpio.o(i.IoOutOff)
    i.IoOutOn                                0x08002ce4   Section        0  py32_gpio.o(i.IoOutOn)
    i.LED_Init                               0x08002cf8   Section        0  py32_gpio.o(i.LED_Init)
    i.LED_Toggle                             0x08002cfa   Section        0  py32_gpio.o(i.LED_Toggle)
    i.MTT_ParaRead                           0x08002cfc   Section        0  cmdprocess.o(i.MTT_ParaRead)
    i.MTT_ParaUpdate                         0x08002d04   Section        0  cmdprocess.o(i.MTT_ParaUpdate)
    i.NMI_Handler                            0x08002d0a   Section        0  py32_it.o(i.NMI_Handler)
    i.PEAK_ParaRead                          0x08002d0c   Section        0  radar.o(i.PEAK_ParaRead)
    i.PEAK_ParaUpdate                        0x08002d3c   Section        0  radar.o(i.PEAK_ParaUpdate)
    i.PendSV_Handler                         0x08002d84   Section        0  py32_it.o(i.PendSV_Handler)
    i.Platform_Init                          0x08002d86   Section        0  platform.o(i.Platform_Init)
    i.Radar_EnterNormalMode                  0x08002da4   Section        0  radar.o(i.Radar_EnterNormalMode)
    i.Radar_GetDataType                      0x08002dcc   Section        0  radar.o(i.Radar_GetDataType)
    i.Radar_GetDfftPeakSize                  0x08002e04   Section        0  radar.o(i.Radar_GetDfftPeakSize)
    i.Radar_GetOneFrameChirpNum              0x08002e20   Section        0  radar.o(i.Radar_GetOneFrameChirpNum)
    i.Radar_Init                             0x08002e38   Section        0  radar.o(i.Radar_Init)
    i.Radar_PreInit                          0x08002ebc   Section        0  radar.o(i.Radar_PreInit)
    i.Radar_UpdateReg                        0x08002ee4   Section        0  radar.o(i.Radar_UpdateReg)
    i.ReplaceSpecialRegs                     0x08002f10   Section        0  radar.o(i.ReplaceSpecialRegs)
    ReplaceSpecialRegs                       0x08002f11   Thumb Code    94  radar.o(i.ReplaceSpecialRegs)
    i.SPI1_IRQHandler                        0x08002f78   Section        0  py32_it.o(i.SPI1_IRQHandler)
    i.SPI_DMAAbortOnError                    0x08002f88   Section        0  py32f003_hal_spi.o(i.SPI_DMAAbortOnError)
    SPI_DMAAbortOnError                      0x08002f89   Thumb Code    18  py32f003_hal_spi.o(i.SPI_DMAAbortOnError)
    i.SPI_DMAError                           0x08002f9a   Section        0  py32f003_hal_spi.o(i.SPI_DMAError)
    SPI_DMAError                             0x08002f9b   Thumb Code    34  py32f003_hal_spi.o(i.SPI_DMAError)
    i.SPI_DMAHalfReceiveCplt                 0x08002fbc   Section        0  py32f003_hal_spi.o(i.SPI_DMAHalfReceiveCplt)
    SPI_DMAHalfReceiveCplt                   0x08002fbd   Thumb Code    10  py32f003_hal_spi.o(i.SPI_DMAHalfReceiveCplt)
    i.SPI_DMAHalfTransmitReceiveCplt         0x08002fc6   Section        0  py32f003_hal_spi.o(i.SPI_DMAHalfTransmitReceiveCplt)
    SPI_DMAHalfTransmitReceiveCplt           0x08002fc7   Thumb Code    10  py32f003_hal_spi.o(i.SPI_DMAHalfTransmitReceiveCplt)
    i.SPI_DMAReceiveCplt                     0x08002fd0   Section        0  py32f003_hal_spi.o(i.SPI_DMAReceiveCplt)
    SPI_DMAReceiveCplt                       0x08002fd1   Thumb Code    88  py32f003_hal_spi.o(i.SPI_DMAReceiveCplt)
    i.SPI_DMATransmitReceiveCplt             0x08003028   Section        0  py32f003_hal_spi.o(i.SPI_DMATransmitReceiveCplt)
    SPI_DMATransmitReceiveCplt               0x08003029   Thumb Code    94  py32f003_hal_spi.o(i.SPI_DMATransmitReceiveCplt)
    i.SPI_DeInit                             0x08003088   Section        0  py32_spi.o(i.SPI_DeInit)
    i.SPI_EndRxTransaction                   0x08003098   Section        0  py32f003_hal_spi.o(i.SPI_EndRxTransaction)
    SPI_EndRxTransaction                     0x08003099   Thumb Code   120  py32f003_hal_spi.o(i.SPI_EndRxTransaction)
    i.SPI_EndRxTxTransaction                 0x08003110   Section        0  py32f003_hal_spi.o(i.SPI_EndRxTxTransaction)
    SPI_EndRxTxTransaction                   0x08003111   Thumb Code    76  py32f003_hal_spi.o(i.SPI_EndRxTxTransaction)
    i.SPI_Init                               0x0800315c   Section        0  py32_spi.o(i.SPI_Init)
    i.SPI_WaitFifoStateUntilTimeout          0x080031b8   Section        0  py32f003_hal_spi.o(i.SPI_WaitFifoStateUntilTimeout)
    SPI_WaitFifoStateUntilTimeout            0x080031b9   Thumb Code   118  py32f003_hal_spi.o(i.SPI_WaitFifoStateUntilTimeout)
    i.SPI_WaitFlagStateUntilTimeout          0x0800322e   Section        0  py32f003_hal_spi.o(i.SPI_WaitFlagStateUntilTimeout)
    SPI_WaitFlagStateUntilTimeout            0x0800322f   Thumb Code   114  py32f003_hal_spi.o(i.SPI_WaitFlagStateUntilTimeout)
    i.SVC_Handler                            0x080032a0   Section        0  py32_it.o(i.SVC_Handler)
    i.SysTick_Handler                        0x080032a2   Section        0  py32_it.o(i.SysTick_Handler)
    i.SystemCoreClockUpdate                  0x080032b0   Section        0  system_py32f003.o(i.SystemCoreClockUpdate)
    i.SystemInit                             0x080032c0   Section        0  system_py32f003.o(i.SystemInit)
    i.System_ParaRead                        0x080032ec   Section        0  system.o(i.System_ParaRead)
    i.System_ParaUpdate                      0x08003310   Section        0  system.o(i.System_ParaUpdate)
    i.System_Reconfig                        0x08003338   Section        0  system.o(i.System_Reconfig)
    i.TspiIoInit                             0x0800335c   Section        0  py32_gpio.o(i.TspiIoInit)
    i.UART1_GPIO_Init                        0x08003390   Section        0  py32_uart.o(i.UART1_GPIO_Init)
    i.UART_AdvFeatureConfig                  0x08003404   Section        0  py32f003_hal_uart.o(i.UART_AdvFeatureConfig)
    i.UART_DMAAbortOnError                   0x08003434   Section        0  py32f003_hal_uart.o(i.UART_DMAAbortOnError)
    UART_DMAAbortOnError                     0x08003435   Thumb Code    16  py32f003_hal_uart.o(i.UART_DMAAbortOnError)
    i.UART_DMARxOnlyAbortCallback            0x08003444   Section        0  py32f003_hal_uart.o(i.UART_DMARxOnlyAbortCallback)
    UART_DMARxOnlyAbortCallback              0x08003445   Thumb Code    20  py32f003_hal_uart.o(i.UART_DMARxOnlyAbortCallback)
    i.UART_DirectSend                        0x08003458   Section        0  py32_uart.o(i.UART_DirectSend)
    i.UART_EndRxTransfer                     0x08003470   Section        0  py32f003_hal_uart.o(i.UART_EndRxTransfer)
    UART_EndRxTransfer                       0x08003471   Thumb Code    30  py32f003_hal_uart.o(i.UART_EndRxTransfer)
    i.UART_Init                              0x08003490   Section        0  py32_uart.o(i.UART_Init)
    i.UART_Receive_IT                        0x080034d4   Section        0  py32f003_hal_uart.o(i.UART_Receive_IT)
    UART_Receive_IT                          0x080034d5   Thumb Code   120  py32f003_hal_uart.o(i.UART_Receive_IT)
    i.UART_RecvTimeout                       0x0800354c   Section        0  py32_uart.o(i.UART_RecvTimeout)
    i.UART_SetConfig                         0x080035a4   Section        0  py32f003_hal_uart.o(i.UART_SetConfig)
    UART_SetConfig                           0x080035a5   Thumb Code   192  py32f003_hal_uart.o(i.UART_SetConfig)
    i.UART_Transmit_IT                       0x08003668   Section        0  py32f003_hal_uart.o(i.UART_Transmit_IT)
    UART_Transmit_IT                         0x08003669   Thumb Code    98  py32f003_hal_uart.o(i.UART_Transmit_IT)
    i.UART_WaitOnFlagUntilTimeout            0x080036ca   Section        0  py32f003_hal_uart.o(i.UART_WaitOnFlagUntilTimeout)
    UART_WaitOnFlagUntilTimeout              0x080036cb   Thumb Code    96  py32f003_hal_uart.o(i.UART_WaitOnFlagUntilTimeout)
    i.USART1_IRQHandler                      0x0800372a   Section        0  py32_it.o(i.USART1_IRQHandler)
    i.USART2_IRQHandler                      0x0800372c   Section        0  py32_it.o(i.USART2_IRQHandler)
    i.UartReceive_IDLE                       0x08003734   Section        0  py32_uart.o(i.UartReceive_IDLE)
    i.__0printf$8                            0x08003788   Section        0  printf8.o(i.__0printf$8)
    i.__ARM_common_switch8                   0x080037a8   Section        0  dataprocess.o(i.__ARM_common_switch8)
    i.__NVIC_SetPriority                     0x080037c4   Section        0  py32f003_hal_cortex.o(i.__NVIC_SetPriority)
    __NVIC_SetPriority                       0x080037c5   Thumb Code    60  py32f003_hal_cortex.o(i.__NVIC_SetPriority)
    i.__scatterload_copy                     0x08003808   Section       14  handlers.o(i.__scatterload_copy)
    i.__scatterload_null                     0x08003816   Section        2  handlers.o(i.__scatterload_null)
    i.__scatterload_zeroinit                 0x08003818   Section       14  handlers.o(i.__scatterload_zeroinit)
    i._printf_core                           0x08003828   Section        0  printf8.o(i._printf_core)
    _printf_core                             0x08003829   Thumb Code  1020  printf8.o(i._printf_core)
    i._printf_post_padding                   0x08003c50   Section        0  printf8.o(i._printf_post_padding)
    _printf_post_padding                     0x08003c51   Thumb Code    32  printf8.o(i._printf_post_padding)
    i._printf_pre_padding                    0x08003c70   Section        0  printf8.o(i._printf_pre_padding)
    _printf_pre_padding                      0x08003c71   Thumb Code    44  printf8.o(i._printf_pre_padding)
    i.fputc                                  0x08003c9c   Section        0  py32_uart.o(i.fputc)
    i.main                                   0x08003cb8   Section        0  main.o(i.main)
    .constdata                               0x08003cf8   Section       64  abd.o(.constdata)
    .constdata                               0x08003d38   Section       14  cmdprocess.o(.constdata)
    CmdHead                                  0x08003d38   Data           4  cmdprocess.o(.constdata)
    CmdTail                                  0x08003d3c   Data           4  cmdprocess.o(.constdata)
    .constdata                               0x08003d46   Section       86  radar.o(.constdata)
    rawPointMap                              0x08003d46   Data          10  radar.o(.constdata)
    RegListPD                                0x08003d50   Data          36  radar.o(.constdata)
    RegListNormal                            0x08003d74   Data          40  radar.o(.constdata)
    .constdata                               0x08003d9c   Section       32  system_py32f003.o(.constdata)
    .data                                    0x20000000   Section        8  system.o(.data)
    needReconfig                             0x20000000   Data           1  system.o(.data)
    sysPara                                  0x20000004   Data           4  system.o(.data)
    .data                                    0x20000008   Section        6  dataprocess.o(.data)
    .data                                    0x20000010   Section       20  abd.o(.data)
    print_cnt                                0x20000011   Data           1  abd.o(.data)
    k                                        0x20000012   Data           1  abd.o(.data)
    pos                                      0x20000013   Data           1  abd.o(.data)
    tOffIdx                                  0x20000014   Data           1  abd.o(.data)
    lastRange                                0x20000016   Data           2  abd.o(.data)
    tickCnt                                  0x20000018   Data           2  abd.o(.data)
    dfftPeakData                             0x2000001c   Data           8  abd.o(.data)
    .data                                    0x20000024   Section        4  cmdprocess.o(.data)
    enableResetAdc                           0x20000024   Data           1  cmdprocess.o(.data)
    CmdModeFlag                              0x20000025   Data           1  cmdprocess.o(.data)
    resetDelayMs                             0x20000026   Data           2  cmdprocess.o(.data)
    .data                                    0x20000028   Section        1  config.o(.data)
    needFlashWrite                           0x20000028   Data           1  config.o(.data)
    .data                                    0x2000002a   Section        4  platform.o(.data)
    recvCnt                                  0x2000002a   Data           1  platform.o(.data)
    recvCnt                                  0x2000002c   Data           2  platform.o(.data)
    .data                                    0x20000030   Section      272  radar.o(.data)
    InitRegList                              0x20000030   Data         236  radar.o(.data)
    peakPara                                 0x2000011c   Data          36  radar.o(.data)
    .data                                    0x20000140   Section        1  radar.o(.data)
    .data                                    0x20000142   Section        4  py32_spi.o(.data)
    cnt                                      0x20000142   Data           2  py32_spi.o(.data)
    .data                                    0x20000148   Section        4  system_py32f003.o(.data)
    .data                                    0x2000014c   Section       12  py32f003_hal.o(.data)
    .data                                    0x20000158   Section        4  stdout.o(.data)
    .bss                                     0x2000015c   Section      126  dataprocess.o(.bss)
    RadarDataParse                           0x2000015c   Data         126  dataprocess.o(.bss)
    .bss                                     0x200001da   Section      120  abd.o(.bss)
    targetRangeBuf                           0x200001da   Data          20  abd.o(.bss)
    targetOffBuf                             0x200001ee   Data         100  abd.o(.bss)
    .bss                                     0x20000254   Section      124  cmdprocess.o(.bss)
    CmdAck                                   0x20000254   Data          64  cmdprocess.o(.bss)
    CmdDataParse                             0x20000294   Data          60  cmdprocess.o(.bss)
    .bss                                     0x200002d0   Section       36  config.o(.bss)
    flashData                                0x200002d0   Data          36  config.o(.bss)
    .bss                                     0x200002f4   Section       84  radar.o(.bss)
    RegListDfftPeak                          0x200002f4   Data          84  radar.o(.bss)
    .bss                                     0x20000348   Section      400  py32_spi.o(.bss)
    .bss                                     0x200004d8   Section       80  py32_i2c.o(.bss)
    I2cHandle                                0x200004d8   Data          80  py32_i2c.o(.bss)
    .bss                                     0x20000528   Section      220  py32_uart.o(.bss)
    .bss                                     0x20000604   Section       16  py32_iwdg.o(.bss)
    .bss                                     0x20000614   Section      128  py32_flash.o(.bss)
    temBuff                                  0x20000614   Data         128  py32_flash.o(.bss)
    .bss                                     0x20000694   Section       24  py32f003_hal_flash.o(.bss)
    STACK                                    0x200006b0   Section     1024  startup_py32f003.o(STACK)

    Global Symbols

    Symbol Name                              Value     Ov Type        Size  Object(Section)

    BuildAttributes$$THM_ISAv3M$S$PE$A:L22$X:L11$S22$IEEE1$IW$USESV6$~STKCKD$USESV7$~SHL$OTIME$ROPI$EBA8$MICROLIB$REQ8$PRES8$EABIv2 0x00000000   Number         0  anon$$obj.o ABSOLUTE
    __ARM_use_no_argv                        0x00000000   Number         0  main.o ABSOLUTE
    _printf_a                                0x00000000   Number         0  stubs.o ABSOLUTE
    _printf_c                                0x00000000   Number         0  stubs.o ABSOLUTE
    _printf_charcount                        0x00000000   Number         0  stubs.o ABSOLUTE
    _printf_d                                0x00000000   Number         0  stubs.o ABSOLUTE
    _printf_e                                0x00000000   Number         0  stubs.o ABSOLUTE
    _printf_f                                0x00000000   Number         0  stubs.o ABSOLUTE
    _printf_flags                            0x00000000   Number         0  stubs.o ABSOLUTE
    _printf_fp_dec                           0x00000000   Number         0  stubs.o ABSOLUTE
    _printf_fp_hex                           0x00000000   Number         0  stubs.o ABSOLUTE
    _printf_g                                0x00000000   Number         0  stubs.o ABSOLUTE
    _printf_i                                0x00000000   Number         0  stubs.o ABSOLUTE
    _printf_int_dec                          0x00000000   Number         0  stubs.o ABSOLUTE
    _printf_l                                0x00000000   Number         0  stubs.o ABSOLUTE
    _printf_lc                               0x00000000   Number         0  stubs.o ABSOLUTE
    _printf_ll                               0x00000000   Number         0  stubs.o ABSOLUTE
    _printf_lld                              0x00000000   Number         0  stubs.o ABSOLUTE
    _printf_lli                              0x00000000   Number         0  stubs.o ABSOLUTE
    _printf_llo                              0x00000000   Number         0  stubs.o ABSOLUTE
    _printf_llu                              0x00000000   Number         0  stubs.o ABSOLUTE
    _printf_llx                              0x00000000   Number         0  stubs.o ABSOLUTE
    _printf_longlong_dec                     0x00000000   Number         0  stubs.o ABSOLUTE
    _printf_longlong_hex                     0x00000000   Number         0  stubs.o ABSOLUTE
    _printf_longlong_oct                     0x00000000   Number         0  stubs.o ABSOLUTE
    _printf_ls                               0x00000000   Number         0  stubs.o ABSOLUTE
    _printf_mbtowc                           0x00000000   Number         0  stubs.o ABSOLUTE
    _printf_n                                0x00000000   Number         0  stubs.o ABSOLUTE
    _printf_o                                0x00000000   Number         0  stubs.o ABSOLUTE
    _printf_p                                0x00000000   Number         0  stubs.o ABSOLUTE
    _printf_percent                          0x00000000   Number         0  stubs.o ABSOLUTE
    _printf_pre_padding                      0x00000000   Number         0  stubs.o ABSOLUTE
    _printf_return_value                     0x00000000   Number         0  stubs.o ABSOLUTE
    _printf_s                                0x00000000   Number         0  stubs.o ABSOLUTE
    _printf_sizespec                         0x00000000   Number         0  stubs.o ABSOLUTE
    _printf_str                              0x00000000   Number         0  stubs.o ABSOLUTE
    _printf_truncate_signed                  0x00000000   Number         0  stubs.o ABSOLUTE
    _printf_truncate_unsigned                0x00000000   Number         0  stubs.o ABSOLUTE
    _printf_u                                0x00000000   Number         0  stubs.o ABSOLUTE
    _printf_wc                               0x00000000   Number         0  stubs.o ABSOLUTE
    _printf_wctomb                           0x00000000   Number         0  stubs.o ABSOLUTE
    _printf_widthprec                        0x00000000   Number         0  stubs.o ABSOLUTE
    _printf_x                                0x00000000   Number         0  stubs.o ABSOLUTE
    __cpp_initialize__aeabi_                  - Undefined Weak Reference
    __cxa_finalize                            - Undefined Weak Reference
    _clock_init                               - Undefined Weak Reference
    _microlib_exit                            - Undefined Weak Reference
    __Vectors_Size                           0x000000c0   Number         0  startup_py32f003.o ABSOLUTE
    __Vectors                                0x08000000   Data           4  startup_py32f003.o(RESET)
    __Vectors_End                            0x080000c0   Data           0  startup_py32f003.o(RESET)
    __main                                   0x080000c1   Thumb Code     0  entry.o(.ARM.Collect$$$$00000000)
    _main_stk                                0x080000c1   Thumb Code     0  entry2.o(.ARM.Collect$$$$00000001)
    _main_scatterload                        0x080000c5   Thumb Code     0  entry5.o(.ARM.Collect$$$$00000004)
    __main_after_scatterload                 0x080000c9   Thumb Code     0  entry5.o(.ARM.Collect$$$$00000004)
    _main_clock                              0x080000c9   Thumb Code     0  entry7b.o(.ARM.Collect$$$$00000008)
    _main_cpp_init                           0x080000c9   Thumb Code     0  entry8b.o(.ARM.Collect$$$$0000000A)
    _main_init                               0x080000c9   Thumb Code     0  entry9a.o(.ARM.Collect$$$$0000000B)
    __rt_final_cpp                           0x080000d1   Thumb Code     0  entry10a.o(.ARM.Collect$$$$0000000D)
    __rt_final_exit                          0x080000d1   Thumb Code     0  entry11a.o(.ARM.Collect$$$$0000000F)
    Reset_Handler                            0x080000d5   Thumb Code     8  startup_py32f003.o(.text)
    ADC_COMP_IRQHandler                      0x080000e7   Thumb Code     0  startup_py32f003.o(.text)
    DMA1_Channel1_IRQHandler                 0x080000e7   Thumb Code     0  startup_py32f003.o(.text)
    EXTI0_1_IRQHandler                       0x080000e7   Thumb Code     0  startup_py32f003.o(.text)
    EXTI2_3_IRQHandler                       0x080000e7   Thumb Code     0  startup_py32f003.o(.text)
    FLASH_IRQHandler                         0x080000e7   Thumb Code     0  startup_py32f003.o(.text)
    I2C1_IRQHandler                          0x080000e7   Thumb Code     0  startup_py32f003.o(.text)
    LED_IRQHandler                           0x080000e7   Thumb Code     0  startup_py32f003.o(.text)
    LPUART_IRQHandler                        0x080000e7   Thumb Code     0  startup_py32f003.o(.text)
    PVD_IRQHandler                           0x080000e7   Thumb Code     0  startup_py32f003.o(.text)
    RCC_IRQHandler                           0x080000e7   Thumb Code     0  startup_py32f003.o(.text)
    RTC_IRQHandler                           0x080000e7   Thumb Code     0  startup_py32f003.o(.text)
    SPI2_IRQHandler                          0x080000e7   Thumb Code     0  startup_py32f003.o(.text)
    TIM14_IRQHandler                         0x080000e7   Thumb Code     0  startup_py32f003.o(.text)
    TIM16_IRQHandler                         0x080000e7   Thumb Code     0  startup_py32f003.o(.text)
    TIM17_IRQHandler                         0x080000e7   Thumb Code     0  startup_py32f003.o(.text)
    TIM1_BRK_UP_TRG_COM_IRQHandler           0x080000e7   Thumb Code     0  startup_py32f003.o(.text)
    TIM1_CC_IRQHandler                       0x080000e7   Thumb Code     0  startup_py32f003.o(.text)
    TIM3_IRQHandler                          0x080000e7   Thumb Code     0  startup_py32f003.o(.text)
    TIM6_LPTIM_IRQHandler                    0x080000e7   Thumb Code     0  startup_py32f003.o(.text)
    WWDG_IRQHandler                          0x080000e7   Thumb Code     0  startup_py32f003.o(.text)
    __aeabi_uidiv                            0x080000f1   Thumb Code     0  uidiv.o(.text)
    __aeabi_uidivmod                         0x080000f1   Thumb Code    44  uidiv.o(.text)
    __aeabi_memcpy                           0x0800011d   Thumb Code    36  memcpya.o(.text)
    __aeabi_memcpy4                          0x0800011d   Thumb Code     0  memcpya.o(.text)
    __aeabi_memcpy8                          0x0800011d   Thumb Code     0  memcpya.o(.text)
    __aeabi_memset                           0x08000141   Thumb Code    14  memseta.o(.text)
    __aeabi_memset4                          0x08000141   Thumb Code     0  memseta.o(.text)
    __aeabi_memset8                          0x08000141   Thumb Code     0  memseta.o(.text)
    __aeabi_memclr                           0x0800014f   Thumb Code     4  memseta.o(.text)
    __aeabi_memclr4                          0x0800014f   Thumb Code     0  memseta.o(.text)
    __aeabi_memclr8                          0x0800014f   Thumb Code     0  memseta.o(.text)
    _memset$wrapper                          0x08000153   Thumb Code    18  memseta.o(.text)
    __aeabi_uread4                           0x08000165   Thumb Code    20  uread4.o(.text)
    __rt_uread4                              0x08000165   Thumb Code     0  uread4.o(.text)
    _uread4                                  0x08000165   Thumb Code     0  uread4.o(.text)
    __aeabi_fmul                             0x08000179   Thumb Code   122  fmul.o(.text)
    __aeabi_ui2f                             0x080001f3   Thumb Code    14  ffltui.o(.text)
    __aeabi_f2uiz                            0x08000201   Thumb Code    40  ffixui.o(.text)
    __aeabi_uldivmod                         0x08000229   Thumb Code    96  uldiv.o(.text)
    __I$use$fp                               0x08000289   Thumb Code     0  iusefp.o(.text)
    _float_round                             0x08000289   Thumb Code    16  fepilogue.o(.text)
    _float_epilogue                          0x08000299   Thumb Code   114  fepilogue.o(.text)
    __scatterload                            0x0800030d   Thumb Code    28  init.o(.text)
    __scatterload_rt2                        0x0800030d   Thumb Code     0  init.o(.text)
    __aeabi_llsl                             0x08000331   Thumb Code    32  llshl.o(.text)
    _ll_shift_l                              0x08000331   Thumb Code     0  llshl.o(.text)
    __aeabi_llsr                             0x08000351   Thumb Code    34  llushr.o(.text)
    _ll_ushift_r                             0x08000351   Thumb Code     0  llushr.o(.text)
    __decompress                             0x08000373   Thumb Code     0  __dczerorl2.o(.text)
    __decompress1                            0x08000373   Thumb Code    86  __dczerorl2.o(.text)
    ABD_DetectByPeakData                     0x080003c9   Thumb Code   372  abd.o(i.ABD_DetectByPeakData)
    ABD_Init                                 0x08000569   Thumb Code    16  abd.o(i.ABD_Init)
    CmdProc_Init                             0x08000699   Thumb Code    12  cmdprocess.o(i.CmdProc_Init)
    CmdProc_Recv                             0x080006a9   Thumb Code    32  cmdprocess.o(i.CmdProc_Recv)
    ConfigDfftPeakPara                       0x080007ad   Thumb Code   140  radar.o(i.ConfigDfftPeakPara)
    Config_NeedFlashWrite                    0x08000849   Thumb Code     8  config.o(i.Config_NeedFlashWrite)
    Config_SavePara2Flash                    0x08000855   Thumb Code    20  config.o(i.Config_SavePara2Flash)
    Config_WriteData2Flash                   0x0800086d   Thumb Code    74  config.o(i.Config_WriteData2Flash)
    DMA1_Channel2_3_IRQHandler               0x080008c5   Thumb Code    12  py32_it.o(i.DMA1_Channel2_3_IRQHandler)
    DataProc_GetRadarDataLen                 0x08000a5d   Thumb Code     6  dataprocess.o(i.DataProc_GetRadarDataLen)
    DataProc_Init                            0x08000a69   Thumb Code    66  dataprocess.o(i.DataProc_Init)
    DataProc_Recv                            0x08000ab5   Thumb Code    76  dataprocess.o(i.DataProc_Recv)
    Delay                                    0x08000bcd   Thumb Code     8  platform.o(i.Delay)
    EXTI4_15_IRQHandler                      0x08000eb9   Thumb Code    16  py32_it.o(i.EXTI4_15_IRQHandler)
    FLASH_WaitForLastOperation               0x08000ecd   Thumb Code    42  py32f003_hal_flash.o(i.FLASH_WaitForLastOperation)
    Flash_ErasePage                          0x08000f69   Thumb Code    64  py32_flash.o(i.Flash_ErasePage)
    Flash_Program                            0x08000fc5   Thumb Code   134  py32_flash.o(i.Flash_Program)
    GetTargetRange                           0x08001119   Thumb Code    22  abd.o(i.GetTargetRange)
    HAL_DMA_Abort_IT                         0x08001135   Thumb Code    96  py32f003_hal_dma.o(i.HAL_DMA_Abort_IT)
    HAL_DMA_IRQHandler                       0x08001199   Thumb Code   206  py32f003_hal_dma.o(i.HAL_DMA_IRQHandler)
    HAL_DMA_Init                             0x0800126d   Thumb Code    88  py32f003_hal_dma.o(i.HAL_DMA_Init)
    HAL_DMA_Start_IT                         0x080012d1   Thumb Code   104  py32f003_hal_dma.o(i.HAL_DMA_Start_IT)
    HAL_Delay                                0x08001339   Thumb Code    32  py32f003_hal.o(i.HAL_Delay)
    HAL_FLASHEx_Erase                        0x0800135d   Thumb Code   258  py32f003_hal_flash.o(i.HAL_FLASHEx_Erase)
    HAL_FLASH_Lock                           0x0800146d   Thumb Code    22  py32f003_hal_flash.o(i.HAL_FLASH_Lock)
    HAL_FLASH_Program                        0x08001489   Thumb Code   132  py32f003_hal_flash.o(i.HAL_FLASH_Program)
    HAL_FLASH_Unlock                         0x08001515   Thumb Code    28  py32f003_hal_flash.o(i.HAL_FLASH_Unlock)
    HAL_GPIO_DeInit                          0x0800153d   Thumb Code   166  py32f003_hal_gpio.o(i.HAL_GPIO_DeInit)
    HAL_GPIO_Init                            0x080015ed   Thumb Code   266  py32f003_hal_gpio.o(i.HAL_GPIO_Init)
    HAL_GPIO_ReadPin                         0x08001701   Thumb Code    10  py32f003_hal_gpio.o(i.HAL_GPIO_ReadPin)
    HAL_GPIO_WritePin                        0x0800170b   Thumb Code    12  py32f003_hal_gpio.o(i.HAL_GPIO_WritePin)
    HAL_GetTick                              0x08001719   Thumb Code     6  py32f003_hal.o(i.HAL_GetTick)
    HAL_I2C_Init                             0x08001725   Thumb Code   320  py32f003_hal_i2c.o(i.HAL_I2C_Init)
    HAL_I2C_Mem_Read                         0x0800187d   Thumb Code   518  py32f003_hal_i2c.o(i.HAL_I2C_Mem_Read)
    HAL_I2C_Mem_Write                        0x08001a91   Thumb Code   274  py32f003_hal_i2c.o(i.HAL_I2C_Mem_Write)
    HAL_I2C_MspInit                          0x08001bad   Thumb Code   106  py32_i2c.o(i.HAL_I2C_MspInit)
    HAL_IWDG_Init                            0x08001c21   Thumb Code    74  py32f003_hal_iwdg.o(i.HAL_IWDG_Init)
    HAL_IWDG_Refresh                         0x08001c79   Thumb Code    10  py32f003_hal_iwdg.o(i.HAL_IWDG_Refresh)
    HAL_IncTick                              0x08001c89   Thumb Code    12  py32f003_hal.o(i.HAL_IncTick)
    HAL_Init                                 0x08001c99   Thumb Code    26  py32f003_hal.o(i.HAL_Init)
    HAL_InitTick                             0x08001cb5   Thumb Code    64  py32f003_hal.o(i.HAL_InitTick)
    HAL_MspInit                              0x08001cfd   Thumb Code     2  py32f003_hal.o(i.HAL_MspInit)
    HAL_NVIC_EnableIRQ                       0x08001d01   Thumb Code    18  py32f003_hal_cortex.o(i.HAL_NVIC_EnableIRQ)
    HAL_NVIC_SetPriority                     0x08001d19   Thumb Code     8  py32f003_hal_cortex.o(i.HAL_NVIC_SetPriority)
    HAL_RCC_GetPCLK1Freq                     0x08001d21   Thumb Code    26  py32f003_hal_rcc.o(i.HAL_RCC_GetPCLK1Freq)
    HAL_SPI_DeInit                           0x08001d49   Thumb Code    44  py32f003_hal_spi.o(i.HAL_SPI_DeInit)
    HAL_SPI_ErrorCallback                    0x08001d75   Thumb Code    12  py32_spi.o(i.HAL_SPI_ErrorCallback)
    HAL_SPI_IRQHandler                       0x08001d99   Thumb Code   218  py32f003_hal_spi.o(i.HAL_SPI_IRQHandler)
    HAL_SPI_Init                             0x08001e79   Thumb Code   174  py32f003_hal_spi.o(i.HAL_SPI_Init)
    HAL_SPI_MspDeInit                        0x08001f29   Thumb Code    56  py32_spi.o(i.HAL_SPI_MspDeInit)
    HAL_SPI_MspInit                          0x08001f69   Thumb Code   294  py32_spi.o(i.HAL_SPI_MspInit)
    HAL_SPI_Receive_DMA                      0x080020a1   Thumb Code   278  py32f003_hal_spi.o(i.HAL_SPI_Receive_DMA)
    HAL_SPI_RxCpltCallback                   0x080021c5   Thumb Code    62  py32_spi.o(i.HAL_SPI_RxCpltCallback)
    HAL_SPI_RxHalfCpltCallback               0x08002211   Thumb Code     2  py32f003_hal_spi.o(i.HAL_SPI_RxHalfCpltCallback)
    HAL_SPI_TransmitReceive_DMA              0x08002215   Thumb Code   366  py32f003_hal_spi.o(i.HAL_SPI_TransmitReceive_DMA)
    HAL_SPI_TxRxCpltCallback                 0x08002399   Thumb Code     2  py32f003_hal_spi.o(i.HAL_SPI_TxRxCpltCallback)
    HAL_SPI_TxRxHalfCpltCallback             0x0800239b   Thumb Code     2  py32f003_hal_spi.o(i.HAL_SPI_TxRxHalfCpltCallback)
    HAL_SYSCFG_DMA_Req                       0x0800239d   Thumb Code    10  py32f003_hal.o(i.HAL_SYSCFG_DMA_Req)
    HAL_SYSTICK_Config                       0x080023ad   Thumb Code    38  py32f003_hal_cortex.o(i.HAL_SYSTICK_Config)
    HAL_UART_AbortReceiveCpltCallback        0x080023dd   Thumb Code     2  py32f003_hal_uart.o(i.HAL_UART_AbortReceiveCpltCallback)
    HAL_UART_AbortReceive_IT                 0x080023e1   Thumb Code    94  py32f003_hal_uart.o(i.HAL_UART_AbortReceive_IT)
    HAL_UART_ErrorCallback                   0x08002445   Thumb Code     2  py32f003_hal_uart.o(i.HAL_UART_ErrorCallback)
    HAL_UART_IRQHandler                      0x08002449   Thumb Code   264  py32f003_hal_uart.o(i.HAL_UART_IRQHandler)
    HAL_UART_Init                            0x08002555   Thumb Code   108  py32f003_hal_uart.o(i.HAL_UART_Init)
    HAL_UART_MspInit                         0x080025c1   Thumb Code     2  py32f003_hal_uart.o(i.HAL_UART_MspInit)
    HAL_UART_Receive_IT                      0x080025c3   Thumb Code    84  py32f003_hal_uart.o(i.HAL_UART_Receive_IT)
    HAL_UART_RxCpltCallback                  0x08002617   Thumb Code     2  py32f003_hal_uart.o(i.HAL_UART_RxCpltCallback)
    HAL_UART_Transmit                        0x08002619   Thumb Code   196  py32f003_hal_uart.o(i.HAL_UART_Transmit)
    HAL_UART_TxCpltCallback                  0x080026dd   Thumb Code     2  py32f003_hal_uart.o(i.HAL_UART_TxCpltCallback)
    HardFault_Handler                        0x080026df   Thumb Code     2  py32_it.o(i.HardFault_Handler)
    I2C_Init                                 0x080026e1   Thumb Code    62  py32_i2c.o(i.I2C_Init)
    I2C_Read                                 0x0800276d   Thumb Code   102  py32_i2c.o(i.I2C_Read)
    I2C_Write                                0x08002b79   Thumb Code    50  py32_i2c.o(i.I2C_Write)
    IWDG_Init                                0x08002bc9   Thumb Code    74  py32_iwdg.o(i.IWDG_Init)
    IWDG_Reload                              0x08002c3d   Thumb Code    22  py32_iwdg.o(i.IWDG_Reload)
    Indicator_RadarDataReceived              0x08002c75   Thumb Code    30  platform.o(i.Indicator_RadarDataReceived)
    IoOutInit                                0x08002c99   Thumb Code    46  py32_gpio.o(i.IoOutInit)
    IoOutOff                                 0x08002cd1   Thumb Code    14  py32_gpio.o(i.IoOutOff)
    IoOutOn                                  0x08002ce5   Thumb Code    14  py32_gpio.o(i.IoOutOn)
    LED_Init                                 0x08002cf9   Thumb Code     2  py32_gpio.o(i.LED_Init)
    LED_Toggle                               0x08002cfb   Thumb Code     2  py32_gpio.o(i.LED_Toggle)
    MTT_ParaRead                             0x08002cfd   Thumb Code     4  cmdprocess.o(i.MTT_ParaRead)
    MTT_ParaUpdate                           0x08002d05   Thumb Code     6  cmdprocess.o(i.MTT_ParaUpdate)
    NMI_Handler                              0x08002d0b   Thumb Code     2  py32_it.o(i.NMI_Handler)
    PEAK_ParaRead                            0x08002d0d   Thumb Code    38  radar.o(i.PEAK_ParaRead)
    PEAK_ParaUpdate                          0x08002d3d   Thumb Code    66  radar.o(i.PEAK_ParaUpdate)
    PendSV_Handler                           0x08002d85   Thumb Code     2  py32_it.o(i.PendSV_Handler)
    Platform_Init                            0x08002d87   Thumb Code    30  platform.o(i.Platform_Init)
    Radar_EnterNormalMode                    0x08002da5   Thumb Code    34  radar.o(i.Radar_EnterNormalMode)
    Radar_GetDataType                        0x08002dcd   Thumb Code    56  radar.o(i.Radar_GetDataType)
    Radar_GetDfftPeakSize                    0x08002e05   Thumb Code    28  radar.o(i.Radar_GetDfftPeakSize)
    Radar_GetOneFrameChirpNum                0x08002e21   Thumb Code    24  radar.o(i.Radar_GetOneFrameChirpNum)
    Radar_Init                               0x08002e39   Thumb Code    90  radar.o(i.Radar_Init)
    Radar_PreInit                            0x08002ebd   Thumb Code    34  radar.o(i.Radar_PreInit)
    Radar_UpdateReg                          0x08002ee5   Thumb Code    38  radar.o(i.Radar_UpdateReg)
    SPI1_IRQHandler                          0x08002f79   Thumb Code    10  py32_it.o(i.SPI1_IRQHandler)
    SPI_DeInit                               0x08003089   Thumb Code    10  py32_spi.o(i.SPI_DeInit)
    SPI_Init                                 0x0800315d   Thumb Code    78  py32_spi.o(i.SPI_Init)
    SVC_Handler                              0x080032a1   Thumb Code     2  py32_it.o(i.SVC_Handler)
    SysTick_Handler                          0x080032a3   Thumb Code    12  py32_it.o(i.SysTick_Handler)
    SystemCoreClockUpdate                    0x080032b1   Thumb Code     8  system_py32f003.o(i.SystemCoreClockUpdate)
    SystemInit                               0x080032c1   Thumb Code    30  system_py32f003.o(i.SystemInit)
    System_ParaRead                          0x080032ed   Thumb Code    26  system.o(i.System_ParaRead)
    System_ParaUpdate                        0x08003311   Thumb Code    34  system.o(i.System_ParaUpdate)
    System_Reconfig                          0x08003339   Thumb Code    32  system.o(i.System_Reconfig)
    TspiIoInit                               0x0800335d   Thumb Code    48  py32_gpio.o(i.TspiIoInit)
    UART1_GPIO_Init                          0x08003391   Thumb Code   106  py32_uart.o(i.UART1_GPIO_Init)
    UART_AdvFeatureConfig                    0x08003405   Thumb Code    48  py32f003_hal_uart.o(i.UART_AdvFeatureConfig)
    UART_DirectSend                          0x08003459   Thumb Code    20  py32_uart.o(i.UART_DirectSend)
    UART_Init                                0x08003491   Thumb Code    60  py32_uart.o(i.UART_Init)
    UART_RecvTimeout                         0x0800354d   Thumb Code    82  py32_uart.o(i.UART_RecvTimeout)
    USART1_IRQHandler                        0x0800372b   Thumb Code     2  py32_it.o(i.USART1_IRQHandler)
    USART2_IRQHandler                        0x0800372d   Thumb Code     8  py32_it.o(i.USART2_IRQHandler)
    UartReceive_IDLE                         0x08003735   Thumb Code    78  py32_uart.o(i.UartReceive_IDLE)
    __0printf$8                              0x08003789   Thumb Code    24  printf8.o(i.__0printf$8)
    __1printf$8                              0x08003789   Thumb Code     0  printf8.o(i.__0printf$8)
    __2printf                                0x08003789   Thumb Code     0  printf8.o(i.__0printf$8)
    __ARM_common_switch8                     0x080037a9   Thumb Code    26  dataprocess.o(i.__ARM_common_switch8)
    __scatterload_copy                       0x08003809   Thumb Code    14  handlers.o(i.__scatterload_copy)
    __scatterload_null                       0x08003817   Thumb Code     2  handlers.o(i.__scatterload_null)
    __scatterload_zeroinit                   0x08003819   Thumb Code    14  handlers.o(i.__scatterload_zeroinit)
    fputc                                    0x08003c9d   Thumb Code    18  py32_uart.o(i.fputc)
    main                                     0x08003cb9   Thumb Code    40  main.o(i.main)
    MovingTargetTh                           0x08003cf8   Data          64  abd.o(.constdata)
    APBPrescTable                            0x08003d9c   Data          32  system_py32f003.o(.constdata)
    Region$$Table$$Base                      0x08003dbc   Number         0  anon$$obj.o(Region$$Table)
    Region$$Table$$Limit                     0x08003ddc   Number         0  anon$$obj.o(Region$$Table)
    RadarPara                                0x20000008   Data           6  dataprocess.o(.data)
    outrange_cnt                             0x20000010   Data           1  abd.o(.data)
    g_ChannelCount                           0x20000140   Data           1  radar.o(.data)
    g_dataRecvFlag                           0x20000144   Data           2  py32_spi.o(.data)
    SystemCoreClock                          0x20000148   Data           4  system_py32f003.o(.data)
    uwTickPrio                               0x2000014c   Data           4  py32f003_hal.o(.data)
    uwTickFreq                               0x20000150   Data           4  py32f003_hal.o(.data)
    uwTick                                   0x20000154   Data           4  py32f003_hal.o(.data)
    __stdout                                 0x20000158   Data           4  stdout.o(.data)
    SpiHandle                                0x20000348   Data         100  py32_spi.o(.bss)
    HdmaCh2                                  0x200003ac   Data          68  py32_spi.o(.bss)
    g_dataRecvBuf                            0x200003f0   Data         232  py32_spi.o(.bss)
    UartHandle                               0x20000528   Data          84  py32_uart.o(.bss)
    g_cmdRecv                                0x2000057c   Data         136  py32_uart.o(.bss)
    IwdgHandle                               0x20000604   Data          16  py32_iwdg.o(.bss)
    pFlash                                   0x20000694   Data          24  py32f003_hal_flash.o(.bss)
    __initial_sp                             0x20000ab0   Data           0  startup_py32f003.o(STACK)



==============================================================================

Memory Map of the image

  Image Entry point : 0x080000c1

  Load Region LR_IROM1 (Base: 0x08000000, Size: 0x00003f38, Max: 0x00004000, ABSOLUTE, COMPRESSED[0x00003ec8])

    Execution Region ER_IROM1 (Exec base: 0x08000000, Load base: 0x08000000, Size: 0x00003ddc, Max: 0x00004000, ABSOLUTE)

    Exec Addr    Load Addr    Size         Type   Attr      Idx    E Section Name        Object

    0x08000000   0x08000000   0x000000c0   Data   RO         1326    RESET               startup_py32f003.o
    0x080000c0   0x080000c0   0x00000000   Code   RO         4348  * .ARM.Collect$$$$00000000  mc_p.l(entry.o)
    0x080000c0   0x080000c0   0x00000004   Code   RO         4628    .ARM.Collect$$$$00000001  mc_p.l(entry2.o)
    0x080000c4   0x080000c4   0x00000004   Code   RO         4631    .ARM.Collect$$$$00000004  mc_p.l(entry5.o)
    0x080000c8   0x080000c8   0x00000000   Code   RO         4633    .ARM.Collect$$$$00000008  mc_p.l(entry7b.o)
    0x080000c8   0x080000c8   0x00000000   Code   RO         4635    .ARM.Collect$$$$0000000A  mc_p.l(entry8b.o)
    0x080000c8   0x080000c8   0x00000008   Code   RO         4636    .ARM.Collect$$$$0000000B  mc_p.l(entry9a.o)
    0x080000d0   0x080000d0   0x00000000   Code   RO         4638    .ARM.Collect$$$$0000000D  mc_p.l(entry10a.o)
    0x080000d0   0x080000d0   0x00000000   Code   RO         4640    .ARM.Collect$$$$0000000F  mc_p.l(entry11a.o)
    0x080000d0   0x080000d0   0x00000004   Code   RO         4629    .ARM.Collect$$$$00002712  mc_p.l(entry2.o)
    0x080000d4   0x080000d4   0x0000001c   Code   RO         1327    .text               startup_py32f003.o
    0x080000f0   0x080000f0   0x0000002c   Code   RO         4351    .text               mc_p.l(uidiv.o)
    0x0800011c   0x0800011c   0x00000024   Code   RO         4353    .text               mc_p.l(memcpya.o)
    0x08000140   0x08000140   0x00000024   Code   RO         4355    .text               mc_p.l(memseta.o)
    0x08000164   0x08000164   0x00000014   Code   RO         4620    .text               mc_p.l(uread4.o)
    0x08000178   0x08000178   0x0000007a   Code   RO         4622    .text               mf_p.l(fmul.o)
    0x080001f2   0x080001f2   0x0000000e   Code   RO         4624    .text               mf_p.l(ffltui.o)
    0x08000200   0x08000200   0x00000028   Code   RO         4626    .text               mf_p.l(ffixui.o)
    0x08000228   0x08000228   0x00000060   Code   RO         4643    .text               mc_p.l(uldiv.o)
    0x08000288   0x08000288   0x00000000   Code   RO         4645    .text               mc_p.l(iusefp.o)
    0x08000288   0x08000288   0x00000082   Code   RO         4646    .text               mf_p.l(fepilogue.o)
    0x0800030a   0x0800030a   0x00000002   PAD
    0x0800030c   0x0800030c   0x00000024   Code   RO         4658    .text               mc_p.l(init.o)
    0x08000330   0x08000330   0x00000020   Code   RO         4660    .text               mc_p.l(llshl.o)
    0x08000350   0x08000350   0x00000022   Code   RO         4662    .text               mc_p.l(llushr.o)
    0x08000372   0x08000372   0x00000056   Code   RO         4678    .text               mc_p.l(__dczerorl2.o)
    0x080003c8   0x080003c8   0x000001a0   Code   RO          362    i.ABD_DetectByPeakData  abd.o
    0x08000568   0x08000568   0x00000010   Code   RO          363    i.ABD_Init          abd.o
    0x08000578   0x08000578   0x00000014   Code   RO          420    i.AckSend           cmdprocess.o
    0x0800058c   0x0800058c   0x0000010c   Code   RO          421    i.CmdExec           cmdprocess.o
    0x08000698   0x08000698   0x00000010   Code   RO          424    i.CmdProc_Init      cmdprocess.o
    0x080006a8   0x080006a8   0x00000024   Code   RO          425    i.CmdProc_Recv      cmdprocess.o
    0x080006cc   0x080006cc   0x000000e0   Code   RO          426    i.CmdProcess        cmdprocess.o
    0x080007ac   0x080007ac   0x0000009c   Code   RO          669    i.ConfigDfftPeakPara  radar.o
    0x08000848   0x08000848   0x0000000c   Code   RO          524    i.Config_NeedFlashWrite  config.o
    0x08000854   0x08000854   0x00000018   Code   RO          526    i.Config_SavePara2Flash  config.o
    0x0800086c   0x0800086c   0x00000058   Code   RO          527    i.Config_WriteData2Flash  config.o
    0x080008c4   0x080008c4   0x00000010   Code   RO          824    i.DMA1_Channel2_3_IRQHandler  py32_it.o
    0x080008d4   0x080008d4   0x00000028   Code   RO         1625    i.DMA_SetConfig     py32f003_hal_dma.o
    0x080008fc   0x080008fc   0x00000068   Code   RO          280    i.DataCopy          dataprocess.o
    0x08000964   0x08000964   0x000000f8   Code   RO          281    i.DataParse         dataprocess.o
    0x08000a5c   0x08000a5c   0x0000000c   Code   RO          282    i.DataProc_GetRadarDataLen  dataprocess.o
    0x08000a68   0x08000a68   0x0000004c   Code   RO          284    i.DataProc_Init     dataprocess.o
    0x08000ab4   0x08000ab4   0x0000005c   Code   RO          285    i.DataProc_Recv     dataprocess.o
    0x08000b10   0x08000b10   0x00000080   Code   RO          286    i.DataProcess       dataprocess.o
    0x08000b90   0x08000b90   0x0000003c   Code   RO          287    i.DataStateIdParse  dataprocess.o
    0x08000bcc   0x08000bcc   0x00000008   Code   RO          608    i.Delay             platform.o
    0x08000bd4   0x08000bd4   0x00000098   Code   RO          427    i.DoReadPara        cmdprocess.o
    0x08000c6c   0x08000c6c   0x0000008c   Code   RO          428    i.DoReadReg         cmdprocess.o
    0x08000cf8   0x08000cf8   0x000000b4   Code   RO          429    i.DoWritePara       cmdprocess.o
    0x08000dac   0x08000dac   0x0000008c   Code   RO          430    i.DoWriteReg        cmdprocess.o
    0x08000e38   0x08000e38   0x00000080   Code   RO          670    i.DumpChipRegValue  radar.o
    0x08000eb8   0x08000eb8   0x00000014   Code   RO          826    i.EXTI4_15_IRQHandler  py32_it.o
    0x08000ecc   0x08000ecc   0x00000034   Code   RO         1792    i.FLASH_WaitForLastOperation  py32f003_hal_flash.o
    0x08000f00   0x08000f00   0x00000068   Code   RO          431    i.FillCmdAck        cmdprocess.o
    0x08000f68   0x08000f68   0x0000005c   Code   RO         1292    i.Flash_ErasePage   py32_flash.o
    0x08000fc4   0x08000fc4   0x00000090   Code   RO         1293    i.Flash_Program     py32_flash.o
    0x08001054   0x08001054   0x000000c4   Code   RO          288    i.GetRadarPara      dataprocess.o
    0x08001118   0x08001118   0x0000001c   Code   RO          365    i.GetTargetRange    abd.o
    0x08001134   0x08001134   0x00000064   Code   RO         1627    i.HAL_DMA_Abort_IT  py32f003_hal_dma.o
    0x08001198   0x08001198   0x000000d4   Code   RO         1631    i.HAL_DMA_IRQHandler  py32f003_hal_dma.o
    0x0800126c   0x0800126c   0x00000064   Code   RO         1632    i.HAL_DMA_Init      py32f003_hal_dma.o
    0x080012d0   0x080012d0   0x00000068   Code   RO         1636    i.HAL_DMA_Start_IT  py32f003_hal_dma.o
    0x08001338   0x08001338   0x00000024   Code   RO         1374    i.HAL_Delay         py32f003_hal.o
    0x0800135c   0x0800135c   0x00000110   Code   RO         1793    i.HAL_FLASHEx_Erase  py32f003_hal_flash.o
    0x0800146c   0x0800146c   0x0000001c   Code   RO         1800    i.HAL_FLASH_Lock    py32f003_hal_flash.o
    0x08001488   0x08001488   0x0000008c   Code   RO         1805    i.HAL_FLASH_Program  py32f003_hal_flash.o
    0x08001514   0x08001514   0x00000028   Code   RO         1807    i.HAL_FLASH_Unlock  py32f003_hal_flash.o
    0x0800153c   0x0800153c   0x000000b0   Code   RO         1912    i.HAL_GPIO_DeInit   py32f003_hal_gpio.o
    0x080015ec   0x080015ec   0x00000114   Code   RO         1915    i.HAL_GPIO_Init     py32f003_hal_gpio.o
    0x08001700   0x08001700   0x0000000a   Code   RO         1917    i.HAL_GPIO_ReadPin  py32f003_hal_gpio.o
    0x0800170a   0x0800170a   0x0000000c   Code   RO         1919    i.HAL_GPIO_WritePin  py32f003_hal_gpio.o
    0x08001716   0x08001716   0x00000002   PAD
    0x08001718   0x08001718   0x0000000c   Code   RO         1378    i.HAL_GetTick       py32f003_hal.o
    0x08001724   0x08001724   0x00000158   Code   RO         1989    i.HAL_I2C_Init      py32f003_hal_i2c.o
    0x0800187c   0x0800187c   0x00000214   Code   RO         2007    i.HAL_I2C_Mem_Read  py32f003_hal_i2c.o
    0x08001a90   0x08001a90   0x0000011c   Code   RO         2010    i.HAL_I2C_Mem_Write  py32f003_hal_i2c.o
    0x08001bac   0x08001bac   0x00000074   Code   RO         1061    i.HAL_I2C_MspInit   py32_i2c.o
    0x08001c20   0x08001c20   0x00000058   Code   RO         2400    i.HAL_IWDG_Init     py32f003_hal_iwdg.o
    0x08001c78   0x08001c78   0x00000010   Code   RO         2401    i.HAL_IWDG_Refresh  py32f003_hal_iwdg.o
    0x08001c88   0x08001c88   0x00000010   Code   RO         1384    i.HAL_IncTick       py32f003_hal.o
    0x08001c98   0x08001c98   0x0000001a   Code   RO         1385    i.HAL_Init          py32f003_hal.o
    0x08001cb2   0x08001cb2   0x00000002   PAD
    0x08001cb4   0x08001cb4   0x00000048   Code   RO         1386    i.HAL_InitTick      py32f003_hal.o
    0x08001cfc   0x08001cfc   0x00000002   Code   RO         1388    i.HAL_MspInit       py32f003_hal.o
    0x08001cfe   0x08001cfe   0x00000002   PAD
    0x08001d00   0x08001d00   0x00000018   Code   RO         1529    i.HAL_NVIC_EnableIRQ  py32f003_hal_cortex.o
    0x08001d18   0x08001d18   0x00000008   Code   RO         1533    i.HAL_NVIC_SetPriority  py32f003_hal_cortex.o
    0x08001d20   0x08001d20   0x00000028   Code   RO         2455    i.HAL_RCC_GetPCLK1Freq  py32f003_hal_rcc.o
    0x08001d48   0x08001d48   0x0000002c   Code   RO         2584    i.HAL_SPI_DeInit    py32f003_hal_spi.o
    0x08001d74   0x08001d74   0x00000024   Code   RO          995    i.HAL_SPI_ErrorCallback  py32_spi.o
    0x08001d98   0x08001d98   0x000000e0   Code   RO         2588    i.HAL_SPI_IRQHandler  py32f003_hal_spi.o
    0x08001e78   0x08001e78   0x000000ae   Code   RO         2589    i.HAL_SPI_Init      py32f003_hal_spi.o
    0x08001f26   0x08001f26   0x00000002   PAD
    0x08001f28   0x08001f28   0x00000040   Code   RO          996    i.HAL_SPI_MspDeInit  py32_spi.o
    0x08001f68   0x08001f68   0x00000138   Code   RO          997    i.HAL_SPI_MspInit   py32_spi.o
    0x080020a0   0x080020a0   0x00000124   Code   RO         2593    i.HAL_SPI_Receive_DMA  py32f003_hal_spi.o
    0x080021c4   0x080021c4   0x0000004c   Code   RO          998    i.HAL_SPI_RxCpltCallback  py32_spi.o
    0x08002210   0x08002210   0x00000002   Code   RO         2596    i.HAL_SPI_RxHalfCpltCallback  py32f003_hal_spi.o
    0x08002212   0x08002212   0x00000002   PAD
    0x08002214   0x08002214   0x00000184   Code   RO         2599    i.HAL_SPI_TransmitReceive_DMA  py32f003_hal_spi.o
    0x08002398   0x08002398   0x00000002   Code   RO         2605    i.HAL_SPI_TxRxCpltCallback  py32f003_hal_spi.o
    0x0800239a   0x0800239a   0x00000002   Code   RO         2606    i.HAL_SPI_TxRxHalfCpltCallback  py32f003_hal_spi.o
    0x0800239c   0x0800239c   0x00000010   Code   RO         1390    i.HAL_SYSCFG_DMA_Req  py32f003_hal.o
    0x080023ac   0x080023ac   0x00000030   Code   RO         1537    i.HAL_SYSTICK_Config  py32f003_hal_cortex.o
    0x080023dc   0x080023dc   0x00000002   Code   RO         3855    i.HAL_UART_AbortReceiveCpltCallback  py32f003_hal_uart.o
    0x080023de   0x080023de   0x00000002   PAD
    0x080023e0   0x080023e0   0x00000064   Code   RO         3856    i.HAL_UART_AbortReceive_IT  py32f003_hal_uart.o
    0x08002444   0x08002444   0x00000002   Code   RO         3865    i.HAL_UART_ErrorCallback  py32f003_hal_uart.o
    0x08002446   0x08002446   0x00000002   PAD
    0x08002448   0x08002448   0x0000010c   Code   RO         3868    i.HAL_UART_IRQHandler  py32f003_hal_uart.o
    0x08002554   0x08002554   0x0000006c   Code   RO         3869    i.HAL_UART_Init     py32f003_hal_uart.o
    0x080025c0   0x080025c0   0x00000002   Code   RO         3871    i.HAL_UART_MspInit  py32f003_hal_uart.o
    0x080025c2   0x080025c2   0x00000054   Code   RO         3874    i.HAL_UART_Receive_IT  py32f003_hal_uart.o
    0x08002616   0x08002616   0x00000002   Code   RO         3875    i.HAL_UART_RxCpltCallback  py32f003_hal_uart.o
    0x08002618   0x08002618   0x000000c4   Code   RO         3877    i.HAL_UART_Transmit  py32f003_hal_uart.o
    0x080026dc   0x080026dc   0x00000002   Code   RO         3880    i.HAL_UART_TxCpltCallback  py32f003_hal_uart.o
    0x080026de   0x080026de   0x00000002   Code   RO          827    i.HardFault_Handler  py32_it.o
    0x080026e0   0x080026e0   0x00000058   Code   RO         1062    i.I2C_Init          py32_i2c.o
    0x08002738   0x08002738   0x00000034   Code   RO         2031    i.I2C_IsAcknowledgeFailed  py32f003_hal_i2c.o
    0x0800276c   0x0800276c   0x00000084   Code   RO         1063    i.I2C_Read          py32_i2c.o
    0x080027f0   0x080027f0   0x000000f0   Code   RO         2040    i.I2C_RequestMemoryRead  py32f003_hal_i2c.o
    0x080028e0   0x080028e0   0x000000ac   Code   RO         2041    i.I2C_RequestMemoryWrite  py32f003_hal_i2c.o
    0x0800298c   0x0800298c   0x0000004e   Code   RO         2044    i.I2C_WaitOnBTFFlagUntilTimeout  py32f003_hal_i2c.o
    0x080029da   0x080029da   0x00000064   Code   RO         2045    i.I2C_WaitOnFlagUntilTimeout  py32f003_hal_i2c.o
    0x08002a3e   0x08002a3e   0x00000002   PAD
    0x08002a40   0x08002a40   0x0000008c   Code   RO         2046    i.I2C_WaitOnMasterAddressFlagUntilTimeout  py32f003_hal_i2c.o
    0x08002acc   0x08002acc   0x0000005e   Code   RO         2047    i.I2C_WaitOnRXNEFlagUntilTimeout  py32f003_hal_i2c.o
    0x08002b2a   0x08002b2a   0x0000004e   Code   RO         2048    i.I2C_WaitOnTXEFlagUntilTimeout  py32f003_hal_i2c.o
    0x08002b78   0x08002b78   0x00000050   Code   RO         1064    i.I2C_Write         py32_i2c.o
    0x08002bc8   0x08002bc8   0x00000074   Code   RO         1259    i.IWDG_Init         py32_iwdg.o
    0x08002c3c   0x08002c3c   0x00000038   Code   RO         1260    i.IWDG_Reload       py32_iwdg.o
    0x08002c74   0x08002c74   0x00000024   Code   RO          611    i.Indicator_RadarDataReceived  platform.o
    0x08002c98   0x08002c98   0x00000038   Code   RO          928    i.IoOutInit         py32_gpio.o
    0x08002cd0   0x08002cd0   0x00000014   Code   RO          929    i.IoOutOff          py32_gpio.o
    0x08002ce4   0x08002ce4   0x00000014   Code   RO          930    i.IoOutOn           py32_gpio.o
    0x08002cf8   0x08002cf8   0x00000002   Code   RO          931    i.LED_Init          py32_gpio.o
    0x08002cfa   0x08002cfa   0x00000002   Code   RO          934    i.LED_Toggle        py32_gpio.o
    0x08002cfc   0x08002cfc   0x00000008   Code   RO          432    i.MTT_ParaRead      cmdprocess.o
    0x08002d04   0x08002d04   0x00000006   Code   RO          433    i.MTT_ParaUpdate    cmdprocess.o
    0x08002d0a   0x08002d0a   0x00000002   Code   RO          829    i.NMI_Handler       py32_it.o
    0x08002d0c   0x08002d0c   0x00000030   Code   RO          673    i.PEAK_ParaRead     radar.o
    0x08002d3c   0x08002d3c   0x00000048   Code   RO          674    i.PEAK_ParaUpdate   radar.o
    0x08002d84   0x08002d84   0x00000002   Code   RO          830    i.PendSV_Handler    py32_it.o
    0x08002d86   0x08002d86   0x0000001e   Code   RO          614    i.Platform_Init     platform.o
    0x08002da4   0x08002da4   0x00000028   Code   RO          675    i.Radar_EnterNormalMode  radar.o
    0x08002dcc   0x08002dcc   0x00000038   Code   RO          677    i.Radar_GetDataType  radar.o
    0x08002e04   0x08002e04   0x0000001c   Code   RO          680    i.Radar_GetDfftPeakSize  radar.o
    0x08002e20   0x08002e20   0x00000018   Code   RO          682    i.Radar_GetOneFrameChirpNum  radar.o
    0x08002e38   0x08002e38   0x00000084   Code   RO          686    i.Radar_Init        radar.o
    0x08002ebc   0x08002ebc   0x00000028   Code   RO          687    i.Radar_PreInit     radar.o
    0x08002ee4   0x08002ee4   0x0000002c   Code   RO          688    i.Radar_UpdateReg   radar.o
    0x08002f10   0x08002f10   0x00000068   Code   RO          689    i.ReplaceSpecialRegs  radar.o
    0x08002f78   0x08002f78   0x00000010   Code   RO          831    i.SPI1_IRQHandler   py32_it.o
    0x08002f88   0x08002f88   0x00000012   Code   RO         2616    i.SPI_DMAAbortOnError  py32f003_hal_spi.o
    0x08002f9a   0x08002f9a   0x00000022   Code   RO         2617    i.SPI_DMAError      py32f003_hal_spi.o
    0x08002fbc   0x08002fbc   0x0000000a   Code   RO         2618    i.SPI_DMAHalfReceiveCplt  py32f003_hal_spi.o
    0x08002fc6   0x08002fc6   0x0000000a   Code   RO         2620    i.SPI_DMAHalfTransmitReceiveCplt  py32f003_hal_spi.o
    0x08002fd0   0x08002fd0   0x00000058   Code   RO         2621    i.SPI_DMAReceiveCplt  py32f003_hal_spi.o
    0x08003028   0x08003028   0x0000005e   Code   RO         2624    i.SPI_DMATransmitReceiveCplt  py32f003_hal_spi.o
    0x08003086   0x08003086   0x00000002   PAD
    0x08003088   0x08003088   0x00000010   Code   RO          999    i.SPI_DeInit        py32_spi.o
    0x08003098   0x08003098   0x00000078   Code   RO         2626    i.SPI_EndRxTransaction  py32f003_hal_spi.o
    0x08003110   0x08003110   0x0000004c   Code   RO         2627    i.SPI_EndRxTxTransaction  py32f003_hal_spi.o
    0x0800315c   0x0800315c   0x0000005c   Code   RO         1000    i.SPI_Init          py32_spi.o
    0x080031b8   0x080031b8   0x00000076   Code   RO         2632    i.SPI_WaitFifoStateUntilTimeout  py32f003_hal_spi.o
    0x0800322e   0x0800322e   0x00000072   Code   RO         2633    i.SPI_WaitFlagStateUntilTimeout  py32f003_hal_spi.o
    0x080032a0   0x080032a0   0x00000002   Code   RO          832    i.SVC_Handler       py32_it.o
    0x080032a2   0x080032a2   0x0000000c   Code   RO          833    i.SysTick_Handler   py32_it.o
    0x080032ae   0x080032ae   0x00000002   PAD
    0x080032b0   0x080032b0   0x00000010   Code   RO         1333    i.SystemCoreClockUpdate  system_py32f003.o
    0x080032c0   0x080032c0   0x0000002c   Code   RO         1334    i.SystemInit        system_py32f003.o
    0x080032ec   0x080032ec   0x00000024   Code   RO          205    i.System_ParaRead   system.o
    0x08003310   0x08003310   0x00000028   Code   RO          206    i.System_ParaUpdate  system.o
    0x08003338   0x08003338   0x00000024   Code   RO          207    i.System_Reconfig   system.o
    0x0800335c   0x0800335c   0x00000034   Code   RO          935    i.TspiIoInit        py32_gpio.o
    0x08003390   0x08003390   0x00000074   Code   RO         1105    i.UART1_GPIO_Init   py32_uart.o
    0x08003404   0x08003404   0x00000030   Code   RO         3882    i.UART_AdvFeatureConfig  py32f003_hal_uart.o
    0x08003434   0x08003434   0x00000010   Code   RO         3883    i.UART_DMAAbortOnError  py32f003_hal_uart.o
    0x08003444   0x08003444   0x00000014   Code   RO         3888    i.UART_DMARxOnlyAbortCallback  py32f003_hal_uart.o
    0x08003458   0x08003458   0x00000018   Code   RO         1106    i.UART_DirectSend   py32_uart.o
    0x08003470   0x08003470   0x0000001e   Code   RO         3893    i.UART_EndRxTransfer  py32f003_hal_uart.o
    0x0800348e   0x0800348e   0x00000002   PAD
    0x08003490   0x08003490   0x00000044   Code   RO         1107    i.UART_Init         py32_uart.o
    0x080034d4   0x080034d4   0x00000078   Code   RO         3895    i.UART_Receive_IT   py32f003_hal_uart.o
    0x0800354c   0x0800354c   0x00000058   Code   RO         1108    i.UART_RecvTimeout  py32_uart.o
    0x080035a4   0x080035a4   0x000000c4   Code   RO         3896    i.UART_SetConfig    py32f003_hal_uart.o
    0x08003668   0x08003668   0x00000062   Code   RO         3897    i.UART_Transmit_IT  py32f003_hal_uart.o
    0x080036ca   0x080036ca   0x00000060   Code   RO         3898    i.UART_WaitOnFlagUntilTimeout  py32f003_hal_uart.o
    0x0800372a   0x0800372a   0x00000002   Code   RO          834    i.USART1_IRQHandler  py32_it.o
    0x0800372c   0x0800372c   0x00000008   Code   RO          835    i.USART2_IRQHandler  py32_it.o
    0x08003734   0x08003734   0x00000054   Code   RO         1109    i.UartReceive_IDLE  py32_uart.o
    0x08003788   0x08003788   0x00000020   Code   RO         4566    i.__0printf$8       mc_p.l(printf8.o)
    0x080037a8   0x080037a8   0x0000001a   Code   RO          347    i.__ARM_common_switch8  dataprocess.o
    0x080037c2   0x080037c2   0x00000002   PAD
    0x080037c4   0x080037c4   0x00000044   Code   RO         1539    i.__NVIC_SetPriority  py32f003_hal_cortex.o
    0x08003808   0x08003808   0x0000000e   Code   RO         4672    i.__scatterload_copy  mc_p.l(handlers.o)
    0x08003816   0x08003816   0x00000002   Code   RO         4673    i.__scatterload_null  mc_p.l(handlers.o)
    0x08003818   0x08003818   0x0000000e   Code   RO         4674    i.__scatterload_zeroinit  mc_p.l(handlers.o)
    0x08003826   0x08003826   0x00000002   PAD
    0x08003828   0x08003828   0x00000428   Code   RO         4573    i._printf_core      mc_p.l(printf8.o)
    0x08003c50   0x08003c50   0x00000020   Code   RO         4574    i._printf_post_padding  mc_p.l(printf8.o)
    0x08003c70   0x08003c70   0x0000002c   Code   RO         4575    i._printf_pre_padding  mc_p.l(printf8.o)
    0x08003c9c   0x08003c9c   0x0000001c   Code   RO         1110    i.fputc             py32_uart.o
    0x08003cb8   0x08003cb8   0x00000040   Code   RO            3    i.main              main.o
    0x08003cf8   0x08003cf8   0x00000040   Data   RO          370    .constdata          abd.o
    0x08003d38   0x08003d38   0x0000000e   Data   RO          435    .constdata          cmdprocess.o
    0x08003d46   0x08003d46   0x00000056   Data   RO          691    .constdata          radar.o
    0x08003d9c   0x08003d9c   0x00000020   Data   RO         1336    .constdata          system_py32f003.o
    0x08003dbc   0x08003dbc   0x00000020   Data   RO         4670    Region$$Table       anon$$obj.o


    Execution Region RW_IRAM1 (Exec base: 0x20000000, Load base: 0x08003ddc, Size: 0x00000ab0, Max: 0x00001000, ABSOLUTE, COMPRESSED[0x000000ec])

    Exec Addr    Load Addr    Size         Type   Attr      Idx    E Section Name        Object

    0x20000000   COMPRESSED   0x00000008   Data   RW          208    .data               system.o
    0x20000008   COMPRESSED   0x00000006   Data   RW          291    .data               dataprocess.o
    0x2000000e   COMPRESSED   0x00000002   PAD
    0x20000010   COMPRESSED   0x00000014   Data   RW          371    .data               abd.o
    0x20000024   COMPRESSED   0x00000004   Data   RW          436    .data               cmdprocess.o
    0x20000028   COMPRESSED   0x00000001   Data   RW          529    .data               config.o
    0x20000029   COMPRESSED   0x00000001   PAD
    0x2000002a   COMPRESSED   0x00000004   Data   RW          615    .data               platform.o
    0x2000002e   COMPRESSED   0x00000002   PAD
    0x20000030   COMPRESSED   0x00000110   Data   RW          692    .data               radar.o
    0x20000140   COMPRESSED   0x00000001   Data   RW          693    .data               radar.o
    0x20000141   COMPRESSED   0x00000001   PAD
    0x20000142   COMPRESSED   0x00000004   Data   RW         1002    .data               py32_spi.o
    0x20000146   COMPRESSED   0x00000002   PAD
    0x20000148   COMPRESSED   0x00000004   Data   RW         1337    .data               system_py32f003.o
    0x2000014c   COMPRESSED   0x0000000c   Data   RW         1393    .data               py32f003_hal.o
    0x20000158   COMPRESSED   0x00000004   Data   RW         4642    .data               mc_p.l(stdout.o)
    0x2000015c        -       0x0000007e   Zero   RW          290    .bss                dataprocess.o
    0x200001da        -       0x00000078   Zero   RW          367    .bss                abd.o
    0x20000252   COMPRESSED   0x00000002   PAD
    0x20000254        -       0x0000007c   Zero   RW          434    .bss                cmdprocess.o
    0x200002d0        -       0x00000024   Zero   RW          528    .bss                config.o
    0x200002f4        -       0x00000054   Zero   RW          690    .bss                radar.o
    0x20000348        -       0x00000190   Zero   RW         1001    .bss                py32_spi.o
    0x200004d8        -       0x00000050   Zero   RW         1065    .bss                py32_i2c.o
    0x20000528        -       0x000000dc   Zero   RW         1111    .bss                py32_uart.o
    0x20000604        -       0x00000010   Zero   RW         1261    .bss                py32_iwdg.o
    0x20000614        -       0x00000080   Zero   RW         1294    .bss                py32_flash.o
    0x20000694        -       0x00000018   Zero   RW         1808    .bss                py32f003_hal_flash.o
    0x200006ac   COMPRESSED   0x00000004   PAD
    0x200006b0        -       0x00000400   Zero   RW         1324    STACK               startup_py32f003.o


==============================================================================

Image component sizes


      Code (inc. data)   RO Data    RW Data    ZI Data      Debug   Object Name

       460         50         64         20        120       5224   abd.o
      1294        112         14          4        124      19438   cmdprocess.o
       124         22          0          1         36       1945   config.o
       942        210          0          6        126       9008   dataprocess.o
        64         24          0          0          0     239432   main.o
        74          6          0          4          0       2252   platform.o
       236         38          0          0        128       2622   py32_flash.o
       152         26          0          0          0       4010   py32_gpio.o
       416         96          0          0         80       4512   py32_i2c.o
        82         14          0          0          0       9212   py32_it.o
       172         76          0          0         16       1983   py32_iwdg.o
       596         84          0          4        400       5128   py32_spi.o
       408         44          0          0        220       7320   py32_uart.o
       180         28          0         12          0       5520   py32f003_hal.o
       148         24          0          0          0      10865   py32f003_hal_cortex.o
       556         22          0          0          0       4842   py32f003_hal_dma.o
       532         50          0          0         24      17476   py32f003_hal_flash.o
       474         20          0          0          0       4261   py32f003_hal_gpio.o
      2114         70          0          0          0      13830   py32f003_hal_i2c.o
       104         20          0          0          0       2039   py32f003_hal_iwdg.o
        40         14          0          0          0       9413   py32f003_hal_rcc.o
      1810         42          0          0          0      15232   py32f003_hal_spi.o
      1390         14          0          0          0      14459   py32f003_hal_uart.o
       872        144         86        273         84      11615   radar.o
        28          8        192          0       1024        756   startup_py32f003.o
       112         20          0          8          0       2616   system.o
        60         22         32          4          0       2271   system_py32f003.o

    ----------------------------------------------------------------------
     13464       1300        420        344       2388     427281   Object Totals
         0          0         32          0          0          0   (incl. Generated)
        24          0          0          8          6          0   (incl. Padding)

    ----------------------------------------------------------------------

      Code (inc. data)   RO Data    RW Data    ZI Data      Debug   Library Member Name

        86          0          0          0          0          0   __dczerorl2.o
         0          0          0          0          0          0   entry.o
         0          0          0          0          0          0   entry10a.o
         0          0          0          0          0          0   entry11a.o
         8          4          0          0          0          0   entry2.o
         4          0          0          0          0          0   entry5.o
         0          0          0          0          0          0   entry7b.o
         0          0          0          0          0          0   entry8b.o
         8          4          0          0          0          0   entry9a.o
        30          0          0          0          0          0   handlers.o
        36          8          0          0          0         68   init.o
         0          0          0          0          0          0   iusefp.o
        32          0          0          0          0         68   llshl.o
        34          0          0          0          0         68   llushr.o
        36          0          0          0          0         60   memcpya.o
        36          0          0          0          0        100   memseta.o
      1172         52          0          0          0        324   printf8.o
         0          0          0          4          0          0   stdout.o
        44          0          0          0          0         72   uidiv.o
        96          0          0          0          0         84   uldiv.o
        20          0          0          0          0         60   uread4.o
       130          0          0          0          0        144   fepilogue.o
        40          0          0          0          0         60   ffixui.o
        14          0          0          0          0         68   ffltui.o
       122          0          0          0          0         72   fmul.o

    ----------------------------------------------------------------------
      1952         68          0          4          0       1248   Library Totals
         4          0          0          0          0          0   (incl. Padding)

    ----------------------------------------------------------------------

      Code (inc. data)   RO Data    RW Data    ZI Data      Debug   Library Name

      1642         68          0          4          0        904   mc_p.l
       306          0          0          0          0        344   mf_p.l

    ----------------------------------------------------------------------
      1952         68          0          4          0       1248   Library Totals

    ----------------------------------------------------------------------

==============================================================================


      Code (inc. data)   RO Data    RW Data    ZI Data      Debug   

     15416       1368        420        348       2388     421317   Grand Totals
     15416       1368        420        236       2388     421317   ELF Image Totals (compressed)
     15416       1368        420        236          0          0   ROM Totals

==============================================================================

    Total RO  Size (Code + RO Data)                15836 (  15.46kB)
    Total RW  Size (RW Data + ZI Data)              2736 (   2.67kB)
    Total ROM Size (Code + RO Data + RW Data)      16072 (  15.70kB)

==============================================================================

